make: jobserver mkfifo: /tmp/GMfifo14: File exists
mkdir -p /tmp/p2c-closeout-20261010/asan-objects/shared/src/
mkdir -p /tmp/p2c-closeout-20261010/asan-objects/shared/src/
g++ -B/usr/bin -std=c++17 -O1 -g -Wall -Wextra -Werror -pedantic -DGS_PRODUCT_AI=0 -fsanitize=address,undefined -fno-omit-frame-pointer -DGS_ENABLE_TRACE=0 -I. -Ishared/include -Ifirmware/node/components -Ifirmware/hub/components -Ifirmware/common/security -MMD -MP -MF /tmp/p2c-closeout-20261010/asan-objects/shared/src/rules.d -c shared/src/rules.cpp -o /tmp/p2c-closeout-20261010/asan-objects/shared/src/rules.o
g++ -B/usr/bin -std=c++17 -O1 -g -Wall -Wextra -Werror -pedantic -DGS_PRODUCT_AI=0 -fsanitize=address,undefined -fno-omit-frame-pointer -DGS_ENABLE_TRACE=0 -I. -Ishared/include -Ifirmware/node/components -Ifirmware/hub/components -Ifirmware/common/security -MMD -MP -MF /tmp/p2c-closeout-20261010/asan-objects/shared/src/logging.d -c shared/src/logging.cpp -o /tmp/p2c-closeout-20261010/asan-objects/shared/src/logging.o
mkdir -p /tmp/p2c-closeout-20261010/asan-objects/host/logging/
g++ -B/usr/bin -std=c++17 -O1 -g -Wall -Wextra -Werror -pedantic -DGS_PRODUCT_AI=0 -fsanitize=address,undefined -fno-omit-frame-pointer -DGS_ENABLE_TRACE=0 -I. -Ishared/include -Ifirmware/node/components -Ifirmware/hub/components -Ifirmware/common/security -MMD -MP -MF /tmp/p2c-closeout-20261010/asan-objects/host/logging/file_log_sink.d -c host/logging/file_log_sink.cpp -o /tmp/p2c-closeout-20261010/asan-objects/host/logging/file_log_sink.o
mkdir -p /tmp/p2c-closeout-20261010/asan-objects/firmware/common/transport/
g++ -B/usr/bin -std=c++17 -O1 -g -Wall -Wextra -Werror -pedantic -DGS_PRODUCT_AI=0 -fsanitize=address,undefined -fno-omit-frame-pointer -DGS_ENABLE_TRACE=0 -I. -Ishared/include -Ifirmware/node/components -Ifirmware/hub/components -Ifirmware/common/security -MMD -MP -MF /tmp/p2c-closeout-20261010/asan-objects/firmware/common/transport/data_plane_codec.d -c firmware/common/transport/data_plane_codec.cpp -o /tmp/p2c-closeout-20261010/asan-objects/firmware/common/transport/data_plane_codec.o
mkdir -p /tmp/p2c-closeout-20261010/asan-objects/firmware/common/transport/
g++ -B/usr/bin -std=c++17 -O1 -g -Wall -Wextra -Werror -pedantic -DGS_PRODUCT_AI=0 -fsanitize=address,undefined -fno-omit-frame-pointer -DGS_ENABLE_TRACE=0 -I. -Ishared/include -Ifirmware/node/components -Ifirmware/hub/components -Ifirmware/common/security -MMD -MP -MF /tmp/p2c-closeout-20261010/asan-objects/firmware/common/transport/node_retirement_protocol.d -c firmware/common/transport/node_retirement_protocol.cpp -o /tmp/p2c-closeout-20261010/asan-objects/firmware/common/transport/node_retirement_protocol.o
mkdir -p /tmp/p2c-closeout-20261010/asan-objects/firmware/common/transport/
g++ -B/usr/bin -std=c++17 -O1 -g -Wall -Wextra -Werror -pedantic -DGS_PRODUCT_AI=0 -fsanitize=address,undefined -fno-omit-frame-pointer -DGS_ENABLE_TRACE=0 -I. -Ishared/include -Ifirmware/node/components -Ifirmware/hub/components -Ifirmware/common/security -MMD -MP -MF /tmp/p2c-closeout-20261010/asan-objects/firmware/common/transport/session_id.d -c firmware/common/transport/session_id.cpp -o /tmp/p2c-closeout-20261010/asan-objects/firmware/common/transport/session_id.o
mkdir -p /tmp/p2c-closeout-20261010/asan-objects/firmware/node/components/sensing/
g++ -B/usr/bin -std=c++17 -O1 -g -Wall -Wextra -Werror -pedantic -DGS_PRODUCT_AI=0 -fsanitize=address,undefined -fno-omit-frame-pointer -DGS_ENABLE_TRACE=0 -I. -Ishared/include -Ifirmware/node/components -Ifirmware/hub/components -Ifirmware/common/security -MMD -MP -MF /tmp/p2c-closeout-20261010/asan-objects/firmware/node/components/sensing/sensing.d -c firmware/node/components/sensing/sensing.cpp -o /tmp/p2c-closeout-20261010/asan-objects/firmware/node/components/sensing/sensing.o
mkdir -p /tmp/p2c-closeout-20261010/asan-objects/firmware/node/components/radio/
g++ -B/usr/bin -std=c++17 -O1 -g -Wall -Wextra -Werror -pedantic -DGS_PRODUCT_AI=0 -fsanitize=address,undefined -fno-omit-frame-pointer -DGS_ENABLE_TRACE=0 -I. -Ishared/include -Ifirmware/node/components -Ifirmware/hub/components -Ifirmware/common/security -MMD -MP -MF /tmp/p2c-closeout-20261010/asan-objects/firmware/node/components/radio/node_radio.d -c firmware/node/components/radio/node_radio.cpp -o /tmp/p2c-closeout-20261010/asan-objects/firmware/node/components/radio/node_radio.o
mkdir -p /tmp/p2c-closeout-20261010/asan-objects/firmware/node/components/power/
g++ -B/usr/bin -std=c++17 -O1 -g -Wall -Wextra -Werror -pedantic -DGS_PRODUCT_AI=0 -fsanitize=address,undefined -fno-omit-frame-pointer -DGS_ENABLE_TRACE=0 -I. -Ishared/include -Ifirmware/node/components -Ifirmware/hub/components -Ifirmware/common/security -MMD -MP -MF /tmp/p2c-closeout-20261010/asan-objects/firmware/node/components/power/power.d -c firmware/node/components/power/power.cpp -o /tmp/p2c-closeout-20261010/asan-objects/firmware/node/components/power/power.o
mkdir -p /tmp/p2c-closeout-20261010/asan-objects/firmware/node/components/lifecycle/
g++ -B/usr/bin -std=c++17 -O1 -g -Wall -Wextra -Werror -pedantic -DGS_PRODUCT_AI=0 -fsanitize=address,undefined -fno-omit-frame-pointer -DGS_ENABLE_TRACE=0 -I. -Ishared/include -Ifirmware/node/components -Ifirmware/hub/components -Ifirmware/common/security -MMD -MP -MF /tmp/p2c-closeout-20261010/asan-objects/firmware/node/components/lifecycle/lifecycle.d -c firmware/node/components/lifecycle/lifecycle.cpp -o /tmp/p2c-closeout-20261010/asan-objects/firmware/node/components/lifecycle/lifecycle.o
mkdir -p /tmp/p2c-closeout-20261010/asan-objects/firmware/node/components/storage/
g++ -B/usr/bin -std=c++17 -O1 -g -Wall -Wextra -Werror -pedantic -DGS_PRODUCT_AI=0 -fsanitize=address,undefined -fno-omit-frame-pointer -DGS_ENABLE_TRACE=0 -I. -Ishared/include -Ifirmware/node/components -Ifirmware/hub/components -Ifirmware/common/security -MMD -MP -MF /tmp/p2c-closeout-20261010/asan-objects/firmware/node/components/storage/node_store.d -c firmware/node/components/storage/node_store.cpp -o /tmp/p2c-closeout-20261010/asan-objects/firmware/node/components/storage/node_store.o
mkdir -p /tmp/p2c-closeout-20261010/asan-objects/firmware/node/fota/
g++ -B/usr/bin -std=c++17 -O1 -g -Wall -Wextra -Werror -pedantic -DGS_PRODUCT_AI=0 -fsanitize=address,undefined -fno-omit-frame-pointer -DGS_ENABLE_TRACE=0 -I. -Ishared/include -Ifirmware/node/components -Ifirmware/hub/components -Ifirmware/common/security -MMD -MP -MF /tmp/p2c-closeout-20261010/asan-objects/firmware/node/fota/fota_receiver.d -c firmware/node/fota/fota_receiver.cpp -o /tmp/p2c-closeout-20261010/asan-objects/firmware/node/fota/fota_receiver.o
mkdir -p /tmp/p2c-closeout-20261010/asan-objects/firmware/node/runtime/
g++ -B/usr/bin -std=c++17 -O1 -g -Wall -Wextra -Werror -pedantic -DGS_PRODUCT_AI=0 -fsanitize=address,undefined -fno-omit-frame-pointer -DGS_ENABLE_TRACE=0 -I. -Ishared/include -Ifirmware/node/components -Ifirmware/hub/components -Ifirmware/common/security -MMD -MP -MF /tmp/p2c-closeout-20261010/asan-objects/firmware/node/runtime/node_runtime.d -c firmware/node/runtime/node_runtime.cpp -o /tmp/p2c-closeout-20261010/asan-objects/firmware/node/runtime/node_runtime.o
mkdir -p /tmp/p2c-closeout-20261010/asan-objects/firmware/hub/components/ingest/
g++ -B/usr/bin -std=c++17 -O1 -g -Wall -Wextra -Werror -pedantic -DGS_PRODUCT_AI=0 -fsanitize=address,undefined -fno-omit-frame-pointer -DGS_ENABLE_TRACE=0 -I. -Ishared/include -Ifirmware/node/components -Ifirmware/hub/components -Ifirmware/common/security -MMD -MP -MF /tmp/p2c-closeout-20261010/asan-objects/firmware/hub/components/ingest/ingest.d -c firmware/hub/components/ingest/ingest.cpp -o /tmp/p2c-closeout-20261010/asan-objects/firmware/hub/components/ingest/ingest.o
mkdir -p /tmp/p2c-closeout-20261010/asan-objects/firmware/hub/components/registry/
g++ -B/usr/bin -std=c++17 -O1 -g -Wall -Wextra -Werror -pedantic -DGS_PRODUCT_AI=0 -fsanitize=address,undefined -fno-omit-frame-pointer -DGS_ENABLE_TRACE=0 -I. -Ishared/include -Ifirmware/node/components -Ifirmware/hub/components -Ifirmware/common/security -MMD -MP -MF /tmp/p2c-closeout-20261010/asan-objects/firmware/hub/components/registry/node_registry.d -c firmware/hub/components/registry/node_registry.cpp -o /tmp/p2c-closeout-20261010/asan-objects/firmware/hub/components/registry/node_registry.o
mkdir -p /tmp/p2c-closeout-20261010/asan-objects/firmware/hub/components/storage/
g++ -B/usr/bin -std=c++17 -O1 -g -Wall -Wextra -Werror -pedantic -DGS_PRODUCT_AI=0 -fsanitize=address,undefined -fno-omit-frame-pointer -DGS_ENABLE_TRACE=0 -I. -Ishared/include -Ifirmware/node/components -Ifirmware/hub/components -Ifirmware/common/security -MMD -MP -MF /tmp/p2c-closeout-20261010/asan-objects/firmware/hub/components/storage/journal.d -c firmware/hub/components/storage/journal.cpp -o /tmp/p2c-closeout-20261010/asan-objects/firmware/hub/components/storage/journal.o
mkdir -p /tmp/p2c-closeout-20261010/asan-objects/firmware/hub/components/storage/
g++ -B/usr/bin -std=c++17 -O1 -g -Wall -Wextra -Werror -pedantic -DGS_PRODUCT_AI=0 -fsanitize=address,undefined -fno-omit-frame-pointer -DGS_ENABLE_TRACE=0 -I. -Ishared/include -Ifirmware/node/components -Ifirmware/hub/components -Ifirmware/common/security -MMD -MP -MF /tmp/p2c-closeout-20261010/asan-objects/firmware/hub/components/storage/durable_transition.d -c firmware/hub/components/storage/durable_transition.cpp -o /tmp/p2c-closeout-20261010/asan-objects/firmware/hub/components/storage/durable_transition.o
mkdir -p /tmp/p2c-closeout-20261010/asan-objects/firmware/hub/components/storage/
g++ -B/usr/bin -std=c++17 -O1 -g -Wall -Wextra -Werror -pedantic -DGS_PRODUCT_AI=0 -fsanitize=address,undefined -fno-omit-frame-pointer -DGS_ENABLE_TRACE=0 -I. -Ishared/include -Ifirmware/node/components -Ifirmware/hub/components -Ifirmware/common/security -MMD -MP -MF /tmp/p2c-closeout-20261010/asan-objects/firmware/hub/components/storage/node_retirement_snapshot.d -c firmware/hub/components/storage/node_retirement_snapshot.cpp -o /tmp/p2c-closeout-20261010/asan-objects/firmware/hub/components/storage/node_retirement_snapshot.o
mkdir -p /tmp/p2c-closeout-20261010/asan-objects/firmware/hub/components/storage/
g++ -B/usr/bin -std=c++17 -O1 -g -Wall -Wextra -Werror -pedantic -DGS_PRODUCT_AI=0 -fsanitize=address,undefined -fno-omit-frame-pointer -DGS_ENABLE_TRACE=0 -I. -Ishared/include -Ifirmware/node/components -Ifirmware/hub/components -Ifirmware/common/security -MMD -MP -MF /tmp/p2c-closeout-20261010/asan-objects/firmware/hub/components/storage/hub_durability_owner.d -c firmware/hub/components/storage/hub_durability_owner.cpp -o /tmp/p2c-closeout-20261010/asan-objects/firmware/hub/components/storage/hub_durability_owner.o
mkdir -p /tmp/p2c-closeout-20261010/asan-objects/firmware/hub/components/storage/
g++ -B/usr/bin -std=c++17 -O1 -g -Wall -Wextra -Werror -pedantic -DGS_PRODUCT_AI=0 -fsanitize=address,undefined -fno-omit-frame-pointer -DGS_ENABLE_TRACE=0 -I. -Ishared/include -Ifirmware/node/components -Ifirmware/hub/components -Ifirmware/common/security -MMD -MP -MF /tmp/p2c-closeout-20261010/asan-objects/firmware/hub/components/storage/durable_journal_slot_store.d -c firmware/hub/components/storage/durable_journal_slot_store.cpp -o /tmp/p2c-closeout-20261010/asan-objects/firmware/hub/components/storage/durable_journal_slot_store.o
mkdir -p /tmp/p2c-closeout-20261010/asan-objects/firmware/hub/components/time/
g++ -B/usr/bin -std=c++17 -O1 -g -Wall -Wextra -Werror -pedantic -DGS_PRODUCT_AI=0 -fsanitize=address,undefined -fno-omit-frame-pointer -DGS_ENABLE_TRACE=0 -I. -Ishared/include -Ifirmware/node/components -Ifirmware/hub/components -Ifirmware/common/security -MMD -MP -MF /tmp/p2c-closeout-20261010/asan-objects/firmware/hub/components/time/clock.d -c firmware/hub/components/time/clock.cpp -o /tmp/p2c-closeout-20261010/asan-objects/firmware/hub/components/time/clock.o
mkdir -p /tmp/p2c-closeout-20261010/asan-objects/firmware/hub/components/coverage/
g++ -B/usr/bin -std=c++17 -O1 -g -Wall -Wextra -Werror -pedantic -DGS_PRODUCT_AI=0 -fsanitize=address,undefined -fno-omit-frame-pointer -DGS_ENABLE_TRACE=0 -I. -Ishared/include -Ifirmware/node/components -Ifirmware/hub/components -Ifirmware/common/security -MMD -MP -MF /tmp/p2c-closeout-20261010/asan-objects/firmware/hub/components/coverage/coverage.d -c firmware/hub/components/coverage/coverage.cpp -o /tmp/p2c-closeout-20261010/asan-objects/firmware/hub/components/coverage/coverage.o
mkdir -p /tmp/p2c-closeout-20261010/asan-objects/firmware/hub/components/rules/
g++ -B/usr/bin -std=c++17 -O1 -g -Wall -Wextra -Werror -pedantic -DGS_PRODUCT_AI=0 -fsanitize=address,undefined -fno-omit-frame-pointer -DGS_ENABLE_TRACE=0 -I. -Ishared/include -Ifirmware/node/components -Ifirmware/hub/components -Ifirmware/common/security -MMD -MP -MF /tmp/p2c-closeout-20261010/asan-objects/firmware/hub/components/rules/routine_service.d -c firmware/hub/components/rules/routine_service.cpp -o /tmp/p2c-closeout-20261010/asan-objects/firmware/hub/components/rules/routine_service.o
mkdir -p /tmp/p2c-closeout-20261010/asan-objects/firmware/hub/components/ui/
g++ -B/usr/bin -std=c++17 -O1 -g -Wall -Wextra -Werror -pedantic -DGS_PRODUCT_AI=0 -fsanitize=address,undefined -fno-omit-frame-pointer -DGS_ENABLE_TRACE=0 -I. -Ishared/include -Ifirmware/node/components -Ifirmware/hub/components -Ifirmware/common/security -MMD -MP -MF /tmp/p2c-closeout-20261010/asan-objects/firmware/hub/components/ui/resident_ui.d -c firmware/hub/components/ui/resident_ui.cpp -o /tmp/p2c-closeout-20261010/asan-objects/firmware/hub/components/ui/resident_ui.o
mkdir -p /tmp/p2c-closeout-20261010/asan-objects/firmware/hub/components/lifecycle/
g++ -B/usr/bin -std=c++17 -O1 -g -Wall -Wextra -Werror -pedantic -DGS_PRODUCT_AI=0 -fsanitize=address,undefined -fno-omit-frame-pointer -DGS_ENABLE_TRACE=0 -I. -Ishared/include -Ifirmware/node/components -Ifirmware/hub/components -Ifirmware/common/security -MMD -MP -MF /tmp/p2c-closeout-20261010/asan-objects/firmware/hub/components/lifecycle/config_service.d -c firmware/hub/components/lifecycle/config_service.cpp -o /tmp/p2c-closeout-20261010/asan-objects/firmware/hub/components/lifecycle/config_service.o
mkdir -p /tmp/p2c-closeout-20261010/asan-objects/firmware/hub/components/cloud/
g++ -B/usr/bin -std=c++17 -O1 -g -Wall -Wextra -Werror -pedantic -DGS_PRODUCT_AI=0 -fsanitize=address,undefined -fno-omit-frame-pointer -DGS_ENABLE_TRACE=0 -I. -Ishared/include -Ifirmware/node/components -Ifirmware/hub/components -Ifirmware/common/security -MMD -MP -MF /tmp/p2c-closeout-20261010/asan-objects/firmware/hub/components/cloud/cloud_sync.d -c firmware/hub/components/cloud/cloud_sync.cpp -o /tmp/p2c-closeout-20261010/asan-objects/firmware/hub/components/cloud/cloud_sync.o
mkdir -p /tmp/p2c-closeout-20261010/asan-objects/firmware/hub/runtime/
g++ -B/usr/bin -std=c++17 -O1 -g -Wall -Wextra -Werror -pedantic -DGS_PRODUCT_AI=0 -fsanitize=address,undefined -fno-omit-frame-pointer -DGS_ENABLE_TRACE=0 -I. -Ishared/include -Ifirmware/node/components -Ifirmware/hub/components -Ifirmware/common/security -MMD -MP -MF /tmp/p2c-closeout-20261010/asan-objects/firmware/hub/runtime/hub_runtime.d -c firmware/hub/runtime/hub_runtime.cpp -o /tmp/p2c-closeout-20261010/asan-objects/firmware/hub/runtime/hub_runtime.o
mkdir -p /tmp/p2c-closeout-20261010/asan-objects/firmware/hub/runtime/
g++ -B/usr/bin -std=c++17 -O1 -g -Wall -Wextra -Werror -pedantic -DGS_PRODUCT_AI=0 -fsanitize=address,undefined -fno-omit-frame-pointer -DGS_ENABLE_TRACE=0 -I. -Ishared/include -Ifirmware/node/components -Ifirmware/hub/components -Ifirmware/common/security -MMD -MP -MF /tmp/p2c-closeout-20261010/asan-objects/firmware/hub/runtime/hub_checkpoint_codec.d -c firmware/hub/runtime/hub_checkpoint_codec.cpp -o /tmp/p2c-closeout-20261010/asan-objects/firmware/hub/runtime/hub_checkpoint_codec.o
mkdir -p /tmp/p2c-closeout-20261010/asan-objects/firmware/hub/components/storage/
g++ -B/usr/bin -std=c++17 -O1 -g -Wall -Wextra -Werror -pedantic -DGS_PRODUCT_AI=0 -fsanitize=address,undefined -fno-omit-frame-pointer -DGS_ENABLE_TRACE=0 -I. -Ishared/include -Ifirmware/node/components -Ifirmware/hub/components -Ifirmware/common/security -MMD -MP -MF /tmp/p2c-closeout-20261010/asan-objects/firmware/hub/components/storage/runtime_state_store.d -c firmware/hub/components/storage/runtime_state_store.cpp -o /tmp/p2c-closeout-20261010/asan-objects/firmware/hub/components/storage/runtime_state_store.o
mkdir -p /tmp/p2c-closeout-20261010/asan-objects/firmware/common/security/
g++ -B/usr/bin -std=c++17 -O1 -g -Wall -Wextra -Werror -pedantic -DGS_PRODUCT_AI=0 -fsanitize=address,undefined -fno-omit-frame-pointer -DGS_ENABLE_TRACE=0 -I. -Ishared/include -Ifirmware/node/components -Ifirmware/hub/components -Ifirmware/common/security -MMD -MP -MF /tmp/p2c-closeout-20261010/asan-objects/firmware/common/security/security.d -c firmware/common/security/security.cpp -o /tmp/p2c-closeout-20261010/asan-objects/firmware/common/security/security.o
g++ -B/usr/bin -std=c++17 -O1 -g -Wall -Wextra -Werror -pedantic -DGS_PRODUCT_AI=0 -fsanitize=address,undefined -fno-omit-frame-pointer -DGS_ENABLE_TRACE=0 -I. -Ishared/include -Ifirmware/node/components -Ifirmware/hub/components -Ifirmware/common/security /tmp/p2c-closeout-20261010/asan-objects/shared/src/rules.o /tmp/p2c-closeout-20261010/asan-objects/shared/src/logging.o /tmp/p2c-closeout-20261010/asan-objects/host/logging/file_log_sink.o /tmp/p2c-closeout-20261010/asan-objects/firmware/common/transport/data_plane_codec.o /tmp/p2c-closeout-20261010/asan-objects/firmware/common/transport/node_retirement_protocol.o /tmp/p2c-closeout-20261010/asan-objects/firmware/common/transport/session_id.o /tmp/p2c-closeout-20261010/asan-objects/firmware/node/components/sensing/sensing.o /tmp/p2c-closeout-20261010/asan-objects/firmware/node/components/radio/node_radio.o /tmp/p2c-closeout-20261010/asan-objects/firmware/node/components/power/power.o /tmp/p2c-closeout-20261010/asan-objects/firmware/node/components/lifecycle/lifecycle.o /tmp/p2c-closeout-20261010/asan-objects/firmware/node/components/storage/node_store.o /tmp/p2c-closeout-20261010/asan-objects/firmware/node/fota/fota_receiver.o /tmp/p2c-closeout-20261010/asan-objects/firmware/node/runtime/node_runtime.o /tmp/p2c-closeout-20261010/asan-objects/firmware/hub/components/ingest/ingest.o /tmp/p2c-closeout-20261010/asan-objects/firmware/hub/components/registry/node_registry.o /tmp/p2c-closeout-20261010/asan-objects/firmware/hub/components/storage/journal.o /tmp/p2c-closeout-20261010/asan-objects/firmware/hub/components/storage/durable_transition.o /tmp/p2c-closeout-20261010/asan-objects/firmware/hub/components/storage/node_retirement_snapshot.o /tmp/p2c-closeout-20261010/asan-objects/firmware/hub/components/storage/hub_durability_owner.o /tmp/p2c-closeout-20261010/asan-objects/firmware/hub/components/storage/durable_journal_slot_store.o /tmp/p2c-closeout-20261010/asan-objects/firmware/hub/components/time/clock.o /tmp/p2c-closeout-20261010/asan-objects/firmware/hub/components/coverage/coverage.o /tmp/p2c-closeout-20261010/asan-objects/firmware/hub/components/rules/routine_service.o /tmp/p2c-closeout-20261010/asan-objects/firmware/hub/components/ui/resident_ui.o /tmp/p2c-closeout-20261010/asan-objects/firmware/hub/components/lifecycle/config_service.o /tmp/p2c-closeout-20261010/asan-objects/firmware/hub/components/cloud/cloud_sync.o /tmp/p2c-closeout-20261010/asan-objects/firmware/hub/runtime/hub_runtime.o /tmp/p2c-closeout-20261010/asan-objects/firmware/hub/runtime/hub_checkpoint_codec.o /tmp/p2c-closeout-20261010/asan-objects/firmware/hub/components/storage/runtime_state_store.o /tmp/p2c-closeout-20261010/asan-objects/firmware/common/security/security.o firmware/hub/components/storage/durable_event_outbox.cpp firmware/hub/components/storage/outbox_journal_backend.cpp host/security/openssl_commissioning_crypto.cpp tests/cpp/hub_mixed_body_compaction_validation.cpp -lcrypto -o /tmp/p2c-closeout-20261010/mixed-asan
/tmp/p2c-closeout-20261010/mixed-asan
body_crash_mutation_boundaries=42 before_after_cuts=84
reserve_boundaries=PASS caller_reserves=0,4096,16384 unchanged_files=PASS invalid_partition=PASS
body_original_allocated=49152 retained_allocated=16384 actual_host_bytes_recovered=32768 original_body_allocated=28672 retained_body_allocated=4096 body_allocated_recovered=24576 original_body_logical=25057 original_logical=32120 retained_body_bytes=3268 temporary_peak_logical=35694 temporary_peak_allocated=57344 protected_copy_reserve=20480
mixed_cumulative_admissions=3232 windows=32 max_retained_records=16 max_root_bytes=306 index_bytes=14344
subsequent_admission_cuts=6 empty_candidate_generation=PASS disabled_recovery_cleanup=PASS stale_generation=PASS
six_node_mixed_runtime_admissions=1440 windows=12 retained_each_window=31 max_identity_window_bytes=22346
host_process_peak_rss_kib=365068
hub_mixed_body_compaction_validation=PASS

OBSERVED_EXIT_CODE=0
