make: Entering directory '/tmp/gs_fresh_baseline/code/ParivarSathi_v1.5.4_PWA_BatteryAnalytics_v3_4_2'
mkdir -p build logs
mkdir -p /tmp/gs_baseline_objs/shared/src/
mkdir -p /tmp/gs_baseline_objs/shared/src/
mkdir -p /tmp/gs_baseline_objs/host/logging/
g++ -B/usr/bin -std=c++17 -O2 -Wall -Wextra -Werror -pedantic -DGS_PRODUCT_AI=0 -DGS_ENABLE_TRACE=0 -I. -Ishared/include -Ifirmware/node/components -Ifirmware/hub/components -Ifirmware/common/security -MMD -MP -MF /tmp/gs_baseline_objs/shared/src/rules.d -c shared/src/rules.cpp -o /tmp/gs_baseline_objs/shared/src/rules.o
g++ -B/usr/bin -std=c++17 -O2 -Wall -Wextra -Werror -pedantic -DGS_PRODUCT_AI=0 -DGS_ENABLE_TRACE=0 -I. -Ishared/include -Ifirmware/node/components -Ifirmware/hub/components -Ifirmware/common/security -MMD -MP -MF /tmp/gs_baseline_objs/shared/src/logging.d -c shared/src/logging.cpp -o /tmp/gs_baseline_objs/shared/src/logging.o
mkdir -p /tmp/gs_baseline_objs/firmware/common/transport/
g++ -B/usr/bin -std=c++17 -O2 -Wall -Wextra -Werror -pedantic -DGS_PRODUCT_AI=0 -DGS_ENABLE_TRACE=0 -I. -Ishared/include -Ifirmware/node/components -Ifirmware/hub/components -Ifirmware/common/security -MMD -MP -MF /tmp/gs_baseline_objs/host/logging/file_log_sink.d -c host/logging/file_log_sink.cpp -o /tmp/gs_baseline_objs/host/logging/file_log_sink.o
g++ -B/usr/bin -std=c++17 -O2 -Wall -Wextra -Werror -pedantic -DGS_PRODUCT_AI=0 -DGS_ENABLE_TRACE=0 -I. -Ishared/include -Ifirmware/node/components -Ifirmware/hub/components -Ifirmware/common/security -MMD -MP -MF /tmp/gs_baseline_objs/firmware/common/transport/data_plane_codec.d -c firmware/common/transport/data_plane_codec.cpp -o /tmp/gs_baseline_objs/firmware/common/transport/data_plane_codec.o
mkdir -p /tmp/gs_baseline_objs/firmware/common/transport/
g++ -B/usr/bin -std=c++17 -O2 -Wall -Wextra -Werror -pedantic -DGS_PRODUCT_AI=0 -DGS_ENABLE_TRACE=0 -I. -Ishared/include -Ifirmware/node/components -Ifirmware/hub/components -Ifirmware/common/security -MMD -MP -MF /tmp/gs_baseline_objs/firmware/common/transport/node_retirement_protocol.d -c firmware/common/transport/node_retirement_protocol.cpp -o /tmp/gs_baseline_objs/firmware/common/transport/node_retirement_protocol.o
mkdir -p /tmp/gs_baseline_objs/firmware/common/transport/
g++ -B/usr/bin -std=c++17 -O2 -Wall -Wextra -Werror -pedantic -DGS_PRODUCT_AI=0 -DGS_ENABLE_TRACE=0 -I. -Ishared/include -Ifirmware/node/components -Ifirmware/hub/components -Ifirmware/common/security -MMD -MP -MF /tmp/gs_baseline_objs/firmware/common/transport/session_id.d -c firmware/common/transport/session_id.cpp -o /tmp/gs_baseline_objs/firmware/common/transport/session_id.o
mkdir -p /tmp/gs_baseline_objs/firmware/node/components/sensing/
g++ -B/usr/bin -std=c++17 -O2 -Wall -Wextra -Werror -pedantic -DGS_PRODUCT_AI=0 -DGS_ENABLE_TRACE=0 -I. -Ishared/include -Ifirmware/node/components -Ifirmware/hub/components -Ifirmware/common/security -MMD -MP -MF /tmp/gs_baseline_objs/firmware/node/components/sensing/sensing.d -c firmware/node/components/sensing/sensing.cpp -o /tmp/gs_baseline_objs/firmware/node/components/sensing/sensing.o
mkdir -p /tmp/gs_baseline_objs/firmware/node/components/radio/
g++ -B/usr/bin -std=c++17 -O2 -Wall -Wextra -Werror -pedantic -DGS_PRODUCT_AI=0 -DGS_ENABLE_TRACE=0 -I. -Ishared/include -Ifirmware/node/components -Ifirmware/hub/components -Ifirmware/common/security -MMD -MP -MF /tmp/gs_baseline_objs/firmware/node/components/radio/node_radio.d -c firmware/node/components/radio/node_radio.cpp -o /tmp/gs_baseline_objs/firmware/node/components/radio/node_radio.o
mkdir -p /tmp/gs_baseline_objs/firmware/node/components/power/
g++ -B/usr/bin -std=c++17 -O2 -Wall -Wextra -Werror -pedantic -DGS_PRODUCT_AI=0 -DGS_ENABLE_TRACE=0 -I. -Ishared/include -Ifirmware/node/components -Ifirmware/hub/components -Ifirmware/common/security -MMD -MP -MF /tmp/gs_baseline_objs/firmware/node/components/power/power.d -c firmware/node/components/power/power.cpp -o /tmp/gs_baseline_objs/firmware/node/components/power/power.o
mkdir -p /tmp/gs_baseline_objs/firmware/node/components/lifecycle/
g++ -B/usr/bin -std=c++17 -O2 -Wall -Wextra -Werror -pedantic -DGS_PRODUCT_AI=0 -DGS_ENABLE_TRACE=0 -I. -Ishared/include -Ifirmware/node/components -Ifirmware/hub/components -Ifirmware/common/security -MMD -MP -MF /tmp/gs_baseline_objs/firmware/node/components/lifecycle/lifecycle.d -c firmware/node/components/lifecycle/lifecycle.cpp -o /tmp/gs_baseline_objs/firmware/node/components/lifecycle/lifecycle.o
mkdir -p /tmp/gs_baseline_objs/firmware/node/components/storage/
g++ -B/usr/bin -std=c++17 -O2 -Wall -Wextra -Werror -pedantic -DGS_PRODUCT_AI=0 -DGS_ENABLE_TRACE=0 -I. -Ishared/include -Ifirmware/node/components -Ifirmware/hub/components -Ifirmware/common/security -MMD -MP -MF /tmp/gs_baseline_objs/firmware/node/components/storage/node_store.d -c firmware/node/components/storage/node_store.cpp -o /tmp/gs_baseline_objs/firmware/node/components/storage/node_store.o
mkdir -p /tmp/gs_baseline_objs/firmware/node/fota/
g++ -B/usr/bin -std=c++17 -O2 -Wall -Wextra -Werror -pedantic -DGS_PRODUCT_AI=0 -DGS_ENABLE_TRACE=0 -I. -Ishared/include -Ifirmware/node/components -Ifirmware/hub/components -Ifirmware/common/security -MMD -MP -MF /tmp/gs_baseline_objs/firmware/node/fota/fota_receiver.d -c firmware/node/fota/fota_receiver.cpp -o /tmp/gs_baseline_objs/firmware/node/fota/fota_receiver.o
mkdir -p /tmp/gs_baseline_objs/firmware/node/runtime/
g++ -B/usr/bin -std=c++17 -O2 -Wall -Wextra -Werror -pedantic -DGS_PRODUCT_AI=0 -DGS_ENABLE_TRACE=0 -I. -Ishared/include -Ifirmware/node/components -Ifirmware/hub/components -Ifirmware/common/security -MMD -MP -MF /tmp/gs_baseline_objs/firmware/node/runtime/node_runtime.d -c firmware/node/runtime/node_runtime.cpp -o /tmp/gs_baseline_objs/firmware/node/runtime/node_runtime.o
mkdir -p /tmp/gs_baseline_objs/firmware/hub/components/ingest/
g++ -B/usr/bin -std=c++17 -O2 -Wall -Wextra -Werror -pedantic -DGS_PRODUCT_AI=0 -DGS_ENABLE_TRACE=0 -I. -Ishared/include -Ifirmware/node/components -Ifirmware/hub/components -Ifirmware/common/security -MMD -MP -MF /tmp/gs_baseline_objs/firmware/hub/components/ingest/ingest.d -c firmware/hub/components/ingest/ingest.cpp -o /tmp/gs_baseline_objs/firmware/hub/components/ingest/ingest.o
mkdir -p /tmp/gs_baseline_objs/firmware/hub/components/registry/
g++ -B/usr/bin -std=c++17 -O2 -Wall -Wextra -Werror -pedantic -DGS_PRODUCT_AI=0 -DGS_ENABLE_TRACE=0 -I. -Ishared/include -Ifirmware/node/components -Ifirmware/hub/components -Ifirmware/common/security -MMD -MP -MF /tmp/gs_baseline_objs/firmware/hub/components/registry/node_registry.d -c firmware/hub/components/registry/node_registry.cpp -o /tmp/gs_baseline_objs/firmware/hub/components/registry/node_registry.o
mkdir -p /tmp/gs_baseline_objs/firmware/hub/components/storage/
g++ -B/usr/bin -std=c++17 -O2 -Wall -Wextra -Werror -pedantic -DGS_PRODUCT_AI=0 -DGS_ENABLE_TRACE=0 -I. -Ishared/include -Ifirmware/node/components -Ifirmware/hub/components -Ifirmware/common/security -MMD -MP -MF /tmp/gs_baseline_objs/firmware/hub/components/storage/journal.d -c firmware/hub/components/storage/journal.cpp -o /tmp/gs_baseline_objs/firmware/hub/components/storage/journal.o
mkdir -p /tmp/gs_baseline_objs/firmware/hub/components/storage/
g++ -B/usr/bin -std=c++17 -O2 -Wall -Wextra -Werror -pedantic -DGS_PRODUCT_AI=0 -DGS_ENABLE_TRACE=0 -I. -Ishared/include -Ifirmware/node/components -Ifirmware/hub/components -Ifirmware/common/security -MMD -MP -MF /tmp/gs_baseline_objs/firmware/hub/components/storage/durable_transition.d -c firmware/hub/components/storage/durable_transition.cpp -o /tmp/gs_baseline_objs/firmware/hub/components/storage/durable_transition.o
mkdir -p /tmp/gs_baseline_objs/firmware/hub/components/storage/
g++ -B/usr/bin -std=c++17 -O2 -Wall -Wextra -Werror -pedantic -DGS_PRODUCT_AI=0 -DGS_ENABLE_TRACE=0 -I. -Ishared/include -Ifirmware/node/components -Ifirmware/hub/components -Ifirmware/common/security -MMD -MP -MF /tmp/gs_baseline_objs/firmware/hub/components/storage/node_retirement_snapshot.d -c firmware/hub/components/storage/node_retirement_snapshot.cpp -o /tmp/gs_baseline_objs/firmware/hub/components/storage/node_retirement_snapshot.o
mkdir -p /tmp/gs_baseline_objs/firmware/hub/components/storage/
g++ -B/usr/bin -std=c++17 -O2 -Wall -Wextra -Werror -pedantic -DGS_PRODUCT_AI=0 -DGS_ENABLE_TRACE=0 -I. -Ishared/include -Ifirmware/node/components -Ifirmware/hub/components -Ifirmware/common/security -MMD -MP -MF /tmp/gs_baseline_objs/firmware/hub/components/storage/hub_durability_owner.d -c firmware/hub/components/storage/hub_durability_owner.cpp -o /tmp/gs_baseline_objs/firmware/hub/components/storage/hub_durability_owner.o
mkdir -p /tmp/gs_baseline_objs/firmware/hub/components/storage/
g++ -B/usr/bin -std=c++17 -O2 -Wall -Wextra -Werror -pedantic -DGS_PRODUCT_AI=0 -DGS_ENABLE_TRACE=0 -I. -Ishared/include -Ifirmware/node/components -Ifirmware/hub/components -Ifirmware/common/security -MMD -MP -MF /tmp/gs_baseline_objs/firmware/hub/components/storage/durable_journal_slot_store.d -c firmware/hub/components/storage/durable_journal_slot_store.cpp -o /tmp/gs_baseline_objs/firmware/hub/components/storage/durable_journal_slot_store.o
mkdir -p /tmp/gs_baseline_objs/firmware/hub/components/time/
g++ -B/usr/bin -std=c++17 -O2 -Wall -Wextra -Werror -pedantic -DGS_PRODUCT_AI=0 -DGS_ENABLE_TRACE=0 -I. -Ishared/include -Ifirmware/node/components -Ifirmware/hub/components -Ifirmware/common/security -MMD -MP -MF /tmp/gs_baseline_objs/firmware/hub/components/time/clock.d -c firmware/hub/components/time/clock.cpp -o /tmp/gs_baseline_objs/firmware/hub/components/time/clock.o
mkdir -p /tmp/gs_baseline_objs/firmware/hub/components/coverage/
g++ -B/usr/bin -std=c++17 -O2 -Wall -Wextra -Werror -pedantic -DGS_PRODUCT_AI=0 -DGS_ENABLE_TRACE=0 -I. -Ishared/include -Ifirmware/node/components -Ifirmware/hub/components -Ifirmware/common/security -MMD -MP -MF /tmp/gs_baseline_objs/firmware/hub/components/coverage/coverage.d -c firmware/hub/components/coverage/coverage.cpp -o /tmp/gs_baseline_objs/firmware/hub/components/coverage/coverage.o
mkdir -p /tmp/gs_baseline_objs/firmware/hub/components/rules/
g++ -B/usr/bin -std=c++17 -O2 -Wall -Wextra -Werror -pedantic -DGS_PRODUCT_AI=0 -DGS_ENABLE_TRACE=0 -I. -Ishared/include -Ifirmware/node/components -Ifirmware/hub/components -Ifirmware/common/security -MMD -MP -MF /tmp/gs_baseline_objs/firmware/hub/components/rules/routine_service.d -c firmware/hub/components/rules/routine_service.cpp -o /tmp/gs_baseline_objs/firmware/hub/components/rules/routine_service.o
mkdir -p /tmp/gs_baseline_objs/firmware/hub/components/ui/
g++ -B/usr/bin -std=c++17 -O2 -Wall -Wextra -Werror -pedantic -DGS_PRODUCT_AI=0 -DGS_ENABLE_TRACE=0 -I. -Ishared/include -Ifirmware/node/components -Ifirmware/hub/components -Ifirmware/common/security -MMD -MP -MF /tmp/gs_baseline_objs/firmware/hub/components/ui/resident_ui.d -c firmware/hub/components/ui/resident_ui.cpp -o /tmp/gs_baseline_objs/firmware/hub/components/ui/resident_ui.o
mkdir -p /tmp/gs_baseline_objs/firmware/hub/components/lifecycle/
g++ -B/usr/bin -std=c++17 -O2 -Wall -Wextra -Werror -pedantic -DGS_PRODUCT_AI=0 -DGS_ENABLE_TRACE=0 -I. -Ishared/include -Ifirmware/node/components -Ifirmware/hub/components -Ifirmware/common/security -MMD -MP -MF /tmp/gs_baseline_objs/firmware/hub/components/lifecycle/config_service.d -c firmware/hub/components/lifecycle/config_service.cpp -o /tmp/gs_baseline_objs/firmware/hub/components/lifecycle/config_service.o
mkdir -p /tmp/gs_baseline_objs/firmware/hub/components/cloud/
g++ -B/usr/bin -std=c++17 -O2 -Wall -Wextra -Werror -pedantic -DGS_PRODUCT_AI=0 -DGS_ENABLE_TRACE=0 -I. -Ishared/include -Ifirmware/node/components -Ifirmware/hub/components -Ifirmware/common/security -MMD -MP -MF /tmp/gs_baseline_objs/firmware/hub/components/cloud/cloud_sync.d -c firmware/hub/components/cloud/cloud_sync.cpp -o /tmp/gs_baseline_objs/firmware/hub/components/cloud/cloud_sync.o
mkdir -p /tmp/gs_baseline_objs/firmware/hub/runtime/
g++ -B/usr/bin -std=c++17 -O2 -Wall -Wextra -Werror -pedantic -DGS_PRODUCT_AI=0 -DGS_ENABLE_TRACE=0 -I. -Ishared/include -Ifirmware/node/components -Ifirmware/hub/components -Ifirmware/common/security -MMD -MP -MF /tmp/gs_baseline_objs/firmware/hub/runtime/hub_runtime.d -c firmware/hub/runtime/hub_runtime.cpp -o /tmp/gs_baseline_objs/firmware/hub/runtime/hub_runtime.o
mkdir -p /tmp/gs_baseline_objs/firmware/common/security/
g++ -B/usr/bin -std=c++17 -O2 -Wall -Wextra -Werror -pedantic -DGS_PRODUCT_AI=0 -DGS_ENABLE_TRACE=0 -I. -Ishared/include -Ifirmware/node/components -Ifirmware/hub/components -Ifirmware/common/security -MMD -MP -MF /tmp/gs_baseline_objs/firmware/common/security/security.d -c firmware/common/security/security.cpp -o /tmp/gs_baseline_objs/firmware/common/security/security.o
g++ -B/usr/bin -std=c++17 -O2 -Wall -Wextra -Werror -pedantic -DGS_PRODUCT_AI=0 -DGS_ENABLE_TRACE=0 -I. -Ishared/include -Ifirmware/node/components -Ifirmware/hub/components -Ifirmware/common/security /tmp/gs_baseline_objs/shared/src/rules.o /tmp/gs_baseline_objs/shared/src/logging.o /tmp/gs_baseline_objs/host/logging/file_log_sink.o /tmp/gs_baseline_objs/firmware/common/transport/data_plane_codec.o /tmp/gs_baseline_objs/firmware/common/transport/node_retirement_protocol.o /tmp/gs_baseline_objs/firmware/common/transport/session_id.o /tmp/gs_baseline_objs/firmware/node/components/sensing/sensing.o /tmp/gs_baseline_objs/firmware/node/components/radio/node_radio.o /tmp/gs_baseline_objs/firmware/node/components/power/power.o /tmp/gs_baseline_objs/firmware/node/components/lifecycle/lifecycle.o /tmp/gs_baseline_objs/firmware/node/components/storage/node_store.o /tmp/gs_baseline_objs/firmware/node/fota/fota_receiver.o /tmp/gs_baseline_objs/firmware/node/runtime/node_runtime.o /tmp/gs_baseline_objs/firmware/hub/components/ingest/ingest.o /tmp/gs_baseline_objs/firmware/hub/components/registry/node_registry.o /tmp/gs_baseline_objs/firmware/hub/components/storage/journal.o /tmp/gs_baseline_objs/firmware/hub/components/storage/durable_transition.o /tmp/gs_baseline_objs/firmware/hub/components/storage/node_retirement_snapshot.o /tmp/gs_baseline_objs/firmware/hub/components/storage/hub_durability_owner.o /tmp/gs_baseline_objs/firmware/hub/components/storage/durable_journal_slot_store.o /tmp/gs_baseline_objs/firmware/hub/components/time/clock.o /tmp/gs_baseline_objs/firmware/hub/components/coverage/coverage.o /tmp/gs_baseline_objs/firmware/hub/components/rules/routine_service.o /tmp/gs_baseline_objs/firmware/hub/components/ui/resident_ui.o /tmp/gs_baseline_objs/firmware/hub/components/lifecycle/config_service.o /tmp/gs_baseline_objs/firmware/hub/components/cloud/cloud_sync.o /tmp/gs_baseline_objs/firmware/hub/runtime/hub_runtime.o /tmp/gs_baseline_objs/firmware/common/security/security.o firmware/hub/target/esp32/nvs_durable_key_codec.cpp host/security/openssl_commissioning_crypto.cpp tests/cpp/hub_journal_migration_validation.cpp -lcrypto -o build/hub_journal_migration_validation
./build/hub_journal_migration_validation
Hub journal migration validation failed: clean migration commits
make: *** [Makefile:132: hub-journal-migration-host-test] Error 1
make: Leaving directory '/tmp/gs_fresh_baseline/code/ParivarSathi_v1.5.4_PWA_BatteryAnalytics_v3_4_2'
