Build:Feb  7 2021
rst:0x15 (USB_UART_CHIP_RESET),boot:0xd (SPI_FAST_FLASH_BOOT)
Saved PC:0x40385998
SPIWP:0xee
mode:DIO, clock div:1
load:0x3fcd5830,len:0x15e0
load:0x403cbf10,len:0xca0
load:0x403ce710,len:0x3114
entry 0x403cbf1a
I (24) boot: ESP-IDF v6.0.3 2nd stage bootloader
I (24) boot: compile time Oct  5 2026 09:16:49
I (24) boot: chip revision: v0.4
I (25) boot: efuse block revision: v1.3
I (25) boot.esp32c3: SPI Speed      : 80MHz
I (25) boot.esp32c3: SPI Mode       : DIO
I (25) boot.esp32c3: SPI Flash Size : 4MB
I (25) boot: Enabling RNG early entropy source...
I (25) boot: Partition Table:
I (25) boot: ## Label            Usage          Type ST Offset   Length
I (26) boot:  0 nvs              WiFi data        01 02 00009000 00006000
I (26) boot:  1 otadata          OTA data         01 00 0000f000 00002000
I (26) boot:  2 phy_init         RF data          01 01 00011000 00001000
I (26) boot:  3 ota_0            OTA app          00 10 00020000 001e0000
I (27) boot:  4 ota_1            OTA app          00 11 00200000 001e0000
I (27) boot: End of partition table
I (27) esp_image: segment 0: paddr=00020020 vaddr=3c0c0020 size=1c450h (115792) map
I (46) esp_image: segment 1: paddr=0003c478 vaddr=3fc91e00 size=0353ch ( 13628) load
I (49) esp_image: segment 2: paddr=0003f9bc vaddr=40380000 size=0065ch (  1628) load
I (50) esp_image: segment 3: paddr=00040020 vaddr=42000020 size=b310ch (733452) map
I (169) esp_image: segment 4: paddr=000f3134 vaddr=4038065c size=11790h ( 71568) load
I (183) esp_image: segment 5: paddr=001048cc vaddr=50000000 size=00024h (    36) load
I (189) boot: Loaded app from partition at offset 0x20000
I (189) boot: Disabling RNG early entropy source...
I (190) cpu_start: Unicore app
I (198) cpu_start: Pro cpu start user code
I (198) cpu_start: cpu freq: 160000000 Hz
I (199) app_init: Application information:
I (199) app_init: Project name:     gs_hw_m1_node
I (199) app_init: App version:      cfec7d2-node-usb-stable-qualifi
I (199) app_init: Compile time:     Oct  6 2026 16:52:54
I (199) app_init: ELF file SHA256:  2dfecf76e...
I (199) app_init: ESP-IDF:          v6.0.3
I (200) efuse_init: Min chip rev:     v0.3
I (200) efuse_init: Max chip rev:     v1.99
I (200) efuse_init: Chip rev:         v0.4
I (200) heap_init: Initializing. RAM available for dynamic allocation:
I (200) heap_init: At 3FC9BD50 len 000242B0 (144 KiB): RAM
I (201) heap_init: At 3FCC0000 len 0001C710 (113 KiB): Retention RAM
I (201) heap_init: At 3FCDC710 len 00002950 (10 KiB): Retention RAM
I (201) heap_init: At 50000024 len 00001FC4 (7 KiB): RTCRAM
I (202) spi_flash: detected chip: generic
I (202) spi_flash: flash io: dio
I (203) sleep_gpio: Configure to isolate all GPIO pins in sleep state
I (203) sleep_gpio: Enable automatic switching of GPIO sleep configuration
I (204) main_task: Started on CPU0
I (204) main_task: Calling app_main()
I (204) gs_node_product: Starting HW-M1.3 ESP32-C3 product composition
I (384) gs_empty_aead_target: NODE_EMPTY_AEAD_TARGET result=PASS backend=ESP_IDF_PSA_HARDWARE_AES checks=13 stage=complete minimum_free_bytes=16644
I (404) pp: pp rom version: 9387209
I (404) net80211: net80211 rom version: 9387209
I (414) wifi:wifi driver task: 3fca39a8, prio:23, stack:6656, core=0
I (414) wifi:wifi firmware version: da143fa
I (414) wifi:wifi certification version: v7.0
I (414) wifi:config NVS flash: enabled
I (414) wifi:config nano formatting: disabled
I (414) wifi:Init data frame dynamic rx buffer num: 32
I (414) wifi:Init static rx mgmt buffer num: 5
I (414) wifi:Init management short buffer num: 32
I (414) wifi:Init dynamic tx buffer num: 32
I (414) wifi:Init static tx FG buffer num: 2
I (414) wifi:Init static rx buffer size: 1600
I (414) wifi:Init static rx buffer num: 10
I (414) wifi:Init dynamic rx buffer num: 32
I (414) wifi_init: rx ba win: 6
I (414) wifi_init: accept mbox: 6
I (414) wifi_init: tcpip mbox: 32
I (414) wifi_init: udp mbox: 6
I (414) wifi_init: tcp mbox: 6
I (414) wifi_init: tcp tx win: 5760
I (414) wifi_init: tcp rx win: 5760
I (414) wifi_init: tcp mss: 1440
I (414) wifi_init: WiFi IRAM OP enabled
I (414) wifi_init: WiFi RX IRAM OP enabled
I (424) phy_init: phy_version 1235,8bd8c6fc,Apr 13 2026,18:46:20
I (454) wifi:mode : sta (14:63:93:c5:d1:58)
I (454) wifi:enable tsf
I (454) wifi:Set ps type: 0, coexist: 0
I (454) ESPNOW: espnow [version: 2.0] init
I (814) gs_hil_control: HIL_READY role=c3 protocol=1 version=cfec7d2-node-usb-stable-qualifi
I (814) main_task: Returned from app_main()
I (904) gs_node_runtime: NodeRuntime owner started session=1527 channel=1 tx_power_qdbm=40
I (10904) gs_node_runtime: PIR ready on GPIO4
I (10904) gs_node_runtime: Power counters uptime_ms=10703 loops=0 pir=0 app_tx=0 mac_attempt=0 retry=0 health=0 rejoin=1 recovery_commit=0 queue_hwm=0 unexpected_reset=0
I (100134) gs_node_runtime: HIL_STATE role=c3 session=1527 retained=0 in_flight=0 sensing_live=4462 runtime_live=4462 pending_inject=0 heap=196368 min_heap=189416 ota_slot=ota_0
I (100134) gs_hil_control: HIL_OK command=GET_STATE
