R1 Hub controlled -Og/-Os reproduction and bounded validation evidence
SOURCE_HEAD=574ba2a5e77b21c26702d635af99411d61fde558
CONTEXT=2026-10-08.002; initial preflight PASS
No production/configuration/partition/canonical files changed. No signing, flashing or push.
Working root: /tmp/gs-hub-os-574ba2a
Committed product source exported using git archive HEAD -- code/ParivarSathi_v1.5.4_PWA_BatteryAnalytics_v3_4_2 and safely extracted under /tmp.
Untracked prompt.txt was not read or copied.
Node asset and seed SHA256: see companion JSON inputs. Source/tools identical.
Node asset copied unchanged into isolated snapshot; both parsed images contain one identical copy.
Fresh separate SDKCONFIG and initially empty build directories. Fixed PROJECT_VER and SOURCE_DATE_EPOCH.
Candidate changes supported compiler-optimization selection only; deprecated aliases regenerated by IDF.
Full generated-config differences: [{"symbol": "CONFIG_COMPILER_OPTIMIZATION_DEBUG", "og": "y", "os": "n"}, {"symbol": "CONFIG_COMPILER_OPTIMIZATION_DEFAULT", "og": "y", "os": "n"}, {"symbol": "CONFIG_COMPILER_OPTIMIZATION_LEVEL_DEBUG", "og": "y", "os": "n"}, {"symbol": "CONFIG_COMPILER_OPTIMIZATION_LEVEL_RELEASE", "og": "n", "os": "y"}, {"symbol": "CONFIG_COMPILER_OPTIMIZATION_SIZE", "og": "n", "os": "y"}, {"symbol": "CONFIG_FREERTOS_TASK_FUNCTION_WRAPPER", "og": "y", "os": null}, {"symbol": "CONFIG_OPTIMIZATION_LEVEL_DEBUG", "og": "y", "os": "n"}, {"symbol": "CONFIG_OPTIMIZATION_LEVEL_RELEASE", "og": "n", "os": "y"}]
Installed SDK-derived flags: {"og": ["-Og", "-fno-shrink-wrap"], "os": ["-Os", "-freorder-blocks", "-mno-target-align"], "note": "supported optimization Kconfig selection controls these additional SDK flags; some crypto units override -O to -Os even in baseline"}
Crypto component -Os overrides already present in baseline; normalized nonoptimization flags match.
Wrapper dependency change documented in MD; no extra debug option was added.

Reproduction commands (run in each isolated mode; original production configuration remains untouched):
source /home/udaybhan/.espressif/v6.0.3/esp-idf/export.sh
For each mode og/os, copy the preserved sdkconfig into a new external SDKCONFIG path and use an empty build directory.
SOURCE_DATE_EPOCH=1791480245 idf.py -C /tmp/gs-hub-os-574ba2a/src/code/ParivarSathi_v1.5.4_PWA_BatteryAnalytics_v3_4_2/firmware/hub/target/esp32/idf -B /tmp/gs-hub-os-574ba2a/build-og -D SDKCONFIG=/tmp/gs-hub-os-574ba2a/sdkconfig.og -D GS_HIL_BUILD=OFF -D GS_HIL_CONTROL=OFF -D PROJECT_VER=574ba2a-comparison build
idf.py -C /tmp/gs-hub-os-574ba2a/src/code/ParivarSathi_v1.5.4_PWA_BatteryAnalytics_v3_4_2/firmware/hub/target/esp32/idf -B /tmp/gs-hub-os-574ba2a/build-og -D SDKCONFIG=/tmp/gs-hub-os-574ba2a/sdkconfig.og size size-components size-files
BUILD_OG=PASS (1055 steps); compiler warning/error scan=0/0; size commands=PASS
Build-log completion excerpt:
gs_hw_m1_hub.bin binary size 0x1c73b0 bytes. Smallest app partition is 0x1e0000 bytes. 0x18c50 bytes (5%) free.

Project build complete. To flash, run:
 idf.py flash
or
 idf.py -p PORT flash
or
 python -m esptool --chip esp32 -b 460800 --before default-reset --after hard-reset write-flash --flash-mode dio --flash-size 4MB --flash-freq 40m 0x1000 ../../../../tmp/gs-hub-os-574ba2a/build-og/bootloader/bootloader.bin 0x8000 ../../../../tmp/gs-hub-os-574ba2a/build-og/partition_table/partition-table.bin 0xf000 ../../../../tmp/gs-hub-os-574ba2a/build-og/ota_data_initial.bin 0x20000 ../../../../tmp/gs-hub-os-574ba2a/build-og/gs_hw_m1_hub.bin
or from the "/tmp/gs-hub-os-574ba2a/build-og" directory
 python -m esptool --chip esp32 -b 460800 --before default-reset --after hard-reset write-flash "@flash_args"
SOURCE_DATE_EPOCH=1791480245 idf.py -C /tmp/gs-hub-os-574ba2a/src/code/ParivarSathi_v1.5.4_PWA_BatteryAnalytics_v3_4_2/firmware/hub/target/esp32/idf -B /tmp/gs-hub-os-574ba2a/build-os -D SDKCONFIG=/tmp/gs-hub-os-574ba2a/sdkconfig.os -D GS_HIL_BUILD=OFF -D GS_HIL_CONTROL=OFF -D PROJECT_VER=574ba2a-comparison build
idf.py -C /tmp/gs-hub-os-574ba2a/src/code/ParivarSathi_v1.5.4_PWA_BatteryAnalytics_v3_4_2/firmware/hub/target/esp32/idf -B /tmp/gs-hub-os-574ba2a/build-os -D SDKCONFIG=/tmp/gs-hub-os-574ba2a/sdkconfig.os size size-components size-files
BUILD_OS=PASS (1055 steps); compiler warning/error scan=0/0; size commands=PASS
Build-log completion excerpt:
gs_hw_m1_hub.bin binary size 0x1b4e10 bytes. Smallest app partition is 0x1e0000 bytes. 0x2b1f0 bytes (9%) free.

Project build complete. To flash, run:
 idf.py flash
or
 idf.py -p PORT flash
or
 python -m esptool --chip esp32 -b 460800 --before default-reset --after hard-reset write-flash --flash-mode dio --flash-size 4MB --flash-freq 40m 0x1000 ../../../../tmp/gs-hub-os-574ba2a/build-os/bootloader/bootloader.bin 0x8000 ../../../../tmp/gs-hub-os-574ba2a/build-os/partition_table/partition-table.bin 0xf000 ../../../../tmp/gs-hub-os-574ba2a/build-os/ota_data_initial.bin 0x20000 ../../../../tmp/gs-hub-os-574ba2a/build-os/gs_hw_m1_hub.bin
or from the "/tmp/gs-hub-os-574ba2a/build-os" directory
 python -m esptool --chip esp32 -b 460800 --before default-reset --after hard-reset write-flash "@flash_args"

Measurement parsing: installed esp_idf_size --format json2 [--archives/--files] <matching .map>;
pyelftools section/symbol inspection; installed esptool ELF parser and ESP32FirmwareImage.verify(); Xtensa objdump -dC.
Component cost=Flash Code +Flash Data +IRAM +initialized DRAM/RTC; BSS is not flash.
Merged-string component attribution caveat: see MD; image/section totals authoritative.
CONTROLLED_COMPARISON_CHECKS={"identical_source_list": "PASS", "identical_available_sdk_components": "PASS", "identical_linked_component_set": "PASS", "identical_partition_binary": "PASS", "identical_normalized_nonoptimization_compiler_arguments": "PASS", "only_supported_optimization_and_sdk_derived_config_differences": "PASS", "byte_identical_single_embedded_node_asset": "PASS", "nonallocated_elf_debug_sections_excluded_from_bin": "PASS"}
MEASUREMENTS={"og": {"bin": 1864624, "irom": 717098, "drom": 1042312, "dram": 45783, "iram": 87359, "bss": 28080, "ota_margin": 101456}, "os": {"bin": 1789456, "irom": 655180, "drom": 1035992, "dram": 45255, "iram": 80927, "bss": 28056, "ota_margin": 176624}}
SAVINGS_BYTES=75168; SAVINGS_PERCENT=4.031268502389758

Native host regression comparison:
cd /tmp/gs-hub-os-574ba2a/src/code/ParivarSathi_v1.5.4_PWA_BatteryAnalytics_v3_4_2
Host compiler flags include -B/usr/bin to avoid SDK-exported host linker interference.
Each mode uses a fresh CPP_OBJECT_DIR; tests/binaries otherwise use unchanged Makefile behavior.
Modes executed sequentially; binary output reuse does not reuse old objects.
make -j2 CPP_OBJECT_DIR=/tmp/gs-hub-os-574ba2a/host-og-obj CXXFLAGS="-std=c++17 -Og -Wall -Wextra -Werror -pedantic -DGS_PRODUCT_AI=0" cpp-test hub-fresh-install-host-test hub-recovery-scheduling-host-test hub-durable-storage-host-test hub-durable-provider-host-test registry-persistence-host-test commissioning-crypto-host-test rejoin-host-test hub-fota-guard-host-test secure-fota-adapter-host-test fota-host-test hub-backend-commit-host-test node-retirement-protocol-host-test hub-retirement-snapshot-host-test
HOST_OG=PASS exit0; original summary lines:
P2-PERSIST-HUB-REG HOST PASS ten-node security and descriptor cap
P2-DURABLE-ERASE HOST PASS exact conditional release
P2-GMM2 HOST PASS authenticated A/B frontier recovery
durable transition storage: PASS transition=249/1332 checkpoint=134/4549 chunk=1260 bitmap=384 selector=41
P2-COM-CRYPTO HOST PASS unique keys/signatures/ECDH/HKDF/AEAD/tamper
P2-COM-HANDSHAKE HOST PASS exact identity/Home/Hub/window/replay
P2-COM-WIRE HOST PASS fragmented offer/bounded packet/timeout/tamper
P2-RUNTIME-AEAD HOST PASS uplink/ACK/tamper/replay/boundary
P2-REJOIN-HOST PASS mutual proof/session/Home/replay
P2-FOTA-S2-GUARD HOST PASS
P2-FOTA-S3-ADAPTER HOST PASS
P2-FOTA-S4-HASH HOST PASS
HUB-BACKEND-COMMIT HOST PASS
NODE RETIREMENT PROTOCOL HOST PASS bounded authenticated report and heartbeat retirement
cpp: 1479 checks passed
HUB RETIREMENT SNAPSHOT HOST PASS bounded report bank and exact digest rules
R1-FRESH-INSTALL PASS authenticated genesis/registry/event/reboot/duplicate/fault/domain/legacy
R1-FRESH-INSTALL PASS authenticated genesis/registry/event/reboot/duplicate/fault/domain/legacy
R1-FRESH-INSTALL PASS authenticated genesis/registry/event/reboot/duplicate/fault/domain/legacy
Hub durable provider validation passed
PASS	FOTA-HOST-001
PASS	FOTA-HOST-002
PASS	FOTA-HOST-003
PASS	FOTA-HOST-004
PASS	FOTA-HOST-005
PASS	FOTA-HOST-006
PASS	FOTA-HOST-007
PASS	FOTA-HOST-008
PASS	FOTA-HOST-009
PASS	FOTA-HOST-010
PASS	FOTA-HOST-011
PASS	FOTA-HOST-012
PASS	FOTA-HOST-013
PASS	FOTA-HOST-014
PASS	FOTA-HOST-015
PASS	FOTA-HOST-016
PASS	FOTA-HOST-017
PASS	FOTA-HOST-018
PASS	FOTA-HOST-019
PASS	FOTA-HOST-020
PASS	FOTA-HOST-021
PASS	FOTA-HOST-022
PASS	FOTA-HOST-023
PASS	FOTA-HOST-024
PASS	FOTA-HOST-025
PASS	FOTA-HOST-026
PASS	FOTA-HOST-027
PASS	FOTA-HOST-028
PASS	FOTA-S1-001
PASS	FOTA-S1-002
PASS	FOTA-S1-003
PASS	FOTA-S1-004
PASS	FOTA-S1-005
PASS	FOTA-S1-006
R1-FRESH-INSTALL PASS authenticated genesis/registry/event/reboot/duplicate/fault/domain/legacy
R1-FRESH-INSTALL PASS authenticated genesis/registry/event/reboot/duplicate/fault/domain/legacy
R1-FRESH-INSTALL PASS authenticated genesis/registry/event/reboot/duplicate/fault/domain/legacy
R1-RECOVERY-SCHEDULING PASS records=128 handoffs=256 old_interval_ms=6843 max_segment_ms=39 production_codecs=YES latency_injected=YES
These OpenSSL/native-host fixtures do not establish ESP32 PSA/radio/timing behavior.

make -j2 CPP_OBJECT_DIR=/tmp/gs-hub-os-574ba2a/host-os-obj CXXFLAGS="-std=c++17 -Os -Wall -Wextra -Werror -pedantic -DGS_PRODUCT_AI=0" cpp-test hub-fresh-install-host-test hub-recovery-scheduling-host-test hub-durable-storage-host-test hub-durable-provider-host-test registry-persistence-host-test commissioning-crypto-host-test rejoin-host-test hub-fota-guard-host-test secure-fota-adapter-host-test fota-host-test hub-backend-commit-host-test node-retirement-protocol-host-test hub-retirement-snapshot-host-test
HOST_OS=PASS exit0; original summary lines:
P2-PERSIST-HUB-REG HOST PASS ten-node security and descriptor cap
P2-DURABLE-ERASE HOST PASS exact conditional release
P2-GMM2 HOST PASS authenticated A/B frontier recovery
durable transition storage: PASS transition=249/1332 checkpoint=134/4549 chunk=1260 bitmap=384 selector=41
P2-COM-CRYPTO HOST PASS unique keys/signatures/ECDH/HKDF/AEAD/tamper
P2-COM-HANDSHAKE HOST PASS exact identity/Home/Hub/window/replay
P2-COM-WIRE HOST PASS fragmented offer/bounded packet/timeout/tamper
P2-RUNTIME-AEAD HOST PASS uplink/ACK/tamper/replay/boundary
P2-REJOIN-HOST PASS mutual proof/session/Home/replay
P2-FOTA-S2-GUARD HOST PASS
P2-FOTA-S3-ADAPTER HOST PASS
P2-FOTA-S4-HASH HOST PASS
HUB-BACKEND-COMMIT HOST PASS
NODE RETIREMENT PROTOCOL HOST PASS bounded authenticated report and heartbeat retirement
cpp: 1479 checks passed
HUB RETIREMENT SNAPSHOT HOST PASS bounded report bank and exact digest rules
R1-FRESH-INSTALL PASS authenticated genesis/registry/event/reboot/duplicate/fault/domain/legacy
R1-FRESH-INSTALL PASS authenticated genesis/registry/event/reboot/duplicate/fault/domain/legacy
R1-FRESH-INSTALL PASS authenticated genesis/registry/event/reboot/duplicate/fault/domain/legacy
Hub durable provider validation passed
PASS	FOTA-HOST-001
PASS	FOTA-HOST-002
PASS	FOTA-HOST-003
PASS	FOTA-HOST-004
PASS	FOTA-HOST-005
PASS	FOTA-HOST-006
PASS	FOTA-HOST-007
PASS	FOTA-HOST-008
PASS	FOTA-HOST-009
PASS	FOTA-HOST-010
PASS	FOTA-HOST-011
PASS	FOTA-HOST-012
PASS	FOTA-HOST-013
PASS	FOTA-HOST-014
PASS	FOTA-HOST-015
PASS	FOTA-HOST-016
PASS	FOTA-HOST-017
PASS	FOTA-HOST-018
PASS	FOTA-HOST-019
PASS	FOTA-HOST-020
PASS	FOTA-HOST-021
PASS	FOTA-HOST-022
PASS	FOTA-HOST-023
PASS	FOTA-HOST-024
PASS	FOTA-HOST-025
PASS	FOTA-HOST-026
PASS	FOTA-HOST-027
PASS	FOTA-HOST-028
PASS	FOTA-S1-001
PASS	FOTA-S1-002
PASS	FOTA-S1-003
PASS	FOTA-S1-004
PASS	FOTA-S1-005
PASS	FOTA-S1-006
R1-FRESH-INSTALL PASS authenticated genesis/registry/event/reboot/duplicate/fault/domain/legacy
R1-FRESH-INSTALL PASS authenticated genesis/registry/event/reboot/duplicate/fault/domain/legacy
R1-FRESH-INSTALL PASS authenticated genesis/registry/event/reboot/duplicate/fault/domain/legacy
R1-RECOVERY-SCHEDULING PASS records=128 handoffs=256 old_interval_ms=6656 max_segment_ms=28 production_codecs=YES latency_injected=YES
These OpenSSL/native-host fixtures do not establish ESP32 PSA/radio/timing behavior.

env GS_HUB_STACK_ELF=/tmp/gs-hub-os-574ba2a/build-og/gs_hw_m1_hub.elf python3 -m unittest discover -s tests -p test_hub_runtime_stack.py -v
test_corrected_target_allocation_covers_nested_frames_and_reserve (test_hub_runtime_stack.TargetStackBudget.test_corrected_target_allocation_covers_nested_frames_and_reserve) ... ok
test_original_owner_frame_alone_exceeds_allocation (test_hub_runtime_stack.TargetStackBudget.test_original_owner_frame_alone_exceeds_allocation) ... skipped 'Requires original Hub target ELF (GS_HUB_OLD_STACK_ELF)'
test_recovery_hook_really_blocks_for_one_tick_in_target_elf (test_hub_runtime_stack.TargetStackBudget.test_recovery_hook_really_blocks_for_one_tick_in_target_elf) ... FAIL

======================================================================
FAIL: test_recovery_hook_really_blocks_for_one_tick_in_target_elf (test_hub_runtime_stack.TargetStackBudget.test_recovery_hook_really_blocks_for_one_tick_in_target_elf)
----------------------------------------------------------------------
Traceback (most recent call last):
  File "/tmp/gs-hub-os-574ba2a/src/code/ParivarSathi_v1.5.4_PWA_BatteryAnalytics_v3_4_2/tests/test_hub_runtime_stack.py", line 51, in test_recovery_hook_really_blocks_for_one_tick_in_target_elf
    self.assertRegex(hooks[0], r'movi\.n\s+a10, 1')
    ~~~~~~~~~~~~~~~~^^^^^^^^^^^^^^^^^^^^^^^^^^^^^^^
AssertionError: Regex didn't match: 'movi\\.n\\s+a10, 1' not found in '400db2b8 <gs::hub::target::(anonymous namespace)::secure_owner_task(void*)::{lambda()#2}::_FUN()>:\n400db2b8:\t004136        \tentry\ta1, 32\n400db2bb:\t01a0a2        \tmovi\ta10, 1\n400db2be:\td37e81        \tl32r\ta8, 400d00b8 <_stext+0x98> (4017c7c8 <vTaskDelay>)\n400db2c1:\t0008e0        \tcallx8\ta8\n400db2c4:\tf01d      \tretw.n\n\t...\n\n'

----------------------------------------------------------------------
Ran 3 tests in 6.985s

FAILED (failures=1, skipped=1)
HUB TARGET STACK frames=52640 allocation=81920 reserve=29280
Independent disassembly (unchanged functional assertion verified manually):
400db2b8 <gs::hub::target::(anonymous namespace)::secure_owner_task(void*)::{lambda()#2}::_FUN()>:
400db2b8:	004136        	entry	a1, 32
400db2bb:	01a0a2        	movi	a10, 1
400db2be:	d37e81        	l32r	a8, 400d00b8 <_stext+0x98> (4017c7c8 <vTaskDelay>)
400db2c1:	0008e0        	callx8	a8
400db2c4:	f01d      	retw.n
	...


MANUAL_HOOK_RESULT=PASS

env GS_HUB_STACK_ELF=/tmp/gs-hub-os-574ba2a/build-os/gs_hw_m1_hub.elf python3 -m unittest discover -s tests -p test_hub_runtime_stack.py -v
test_corrected_target_allocation_covers_nested_frames_and_reserve (test_hub_runtime_stack.TargetStackBudget.test_corrected_target_allocation_covers_nested_frames_and_reserve) ... ok
test_original_owner_frame_alone_exceeds_allocation (test_hub_runtime_stack.TargetStackBudget.test_original_owner_frame_alone_exceeds_allocation) ... skipped 'Requires original Hub target ELF (GS_HUB_OLD_STACK_ELF)'
test_recovery_hook_really_blocks_for_one_tick_in_target_elf (test_hub_runtime_stack.TargetStackBudget.test_recovery_hook_really_blocks_for_one_tick_in_target_elf) ... ok

----------------------------------------------------------------------
Ran 3 tests in 4.075s

OK (skipped=1)
HUB TARGET STACK frames=51664 allocation=81920 reserve=30256
Independent disassembly (unchanged functional assertion verified manually):
400d9bf8 <gs::hub::target::(anonymous namespace)::secure_owner_task(void*)::{lambda()#2}::_FUN()>:
400d9bf8:	004136        	entry	a1, 32
400d9bfb:	1a0c      	movi.n	a10, 1
400d9bfd:	d92a81        	l32r	a8, 400d00a8 <_stext+0x88> (4016d8b0 <vTaskDelay>)
400d9c00:	0008e0        	callx8	a8
400d9c03:	f01d      	retw.n
400d9c05:	000000        	ill


MANUAL_HOOK_RESULT=PASS

python3 -m unittest discover -s tests/python -p test_secure_signed_fota_fixture.py -v
test_artifact_manifest_path_is_json_serializable (test_secure_signed_fota_fixture.SecureSignedFotaFixtureTest.test_artifact_manifest_path_is_json_serializable) ... ok
test_build_scripts_use_idf_activated_python_from_path (test_secure_signed_fota_fixture.SecureSignedFotaFixtureTest.test_build_scripts_use_idf_activated_python_from_path) ... ok
test_c3_pir_gate_follows_authenticated_rejoin_and_uses_fresh_boot_cursor (test_secure_signed_fota_fixture.SecureSignedFotaFixtureTest.test_c3_pir_gate_follows_authenticated_rejoin_and_uses_fresh_boot_cursor) ... ok
test_first_commissioning_control_is_paced_and_still_precedes_pir_gate (test_secure_signed_fota_fixture.SecureSignedFotaFixtureTest.test_first_commissioning_control_is_paced_and_still_precedes_pir_gate) ... ok
test_hub_flash_rejects_image_hash_mismatch (test_secure_signed_fota_fixture.SecureSignedFotaFixtureTest.test_hub_flash_rejects_image_hash_mismatch) ... ok
test_hub_flash_uses_exact_candidate_artifact_for_shared_build_dir (test_secure_signed_fota_fixture.SecureSignedFotaFixtureTest.test_hub_flash_uses_exact_candidate_artifact_for_shared_build_dir) ... ok
test_initial_uncommissioned_c3_boot_defers_pir_gate (test_secure_signed_fota_fixture.SecureSignedFotaFixtureTest.test_initial_uncommissioned_c3_boot_defers_pir_gate) ... ok
test_interleaved_begin_line_uses_authenticated_begin_ack_fallback (test_secure_signed_fota_fixture.SecureSignedFotaFixtureTest.test_interleaved_begin_line_uses_authenticated_begin_ack_fallback) ... ok
test_positive_hub_swap_reuses_fresh_node_session_sequence (test_secure_signed_fota_fixture.SecureSignedFotaFixtureTest.test_positive_hub_swap_reuses_fresh_node_session_sequence) ... ok
test_positive_transfer_waits_for_pre_reboot_acceptance_not_post_reboot_sha_marker (test_secure_signed_fota_fixture.SecureSignedFotaFixtureTest.test_positive_transfer_waits_for_pre_reboot_acceptance_not_post_reboot_sha_marker) ... ok
test_ready_version_is_bounded_to_one_log_token (test_secure_signed_fota_fixture.SecureSignedFotaFixtureTest.test_ready_version_is_bounded_to_one_log_token) ... ok
test_secure_hil_control_profile_enables_only_existing_test_credentials (test_secure_signed_fota_fixture.SecureSignedFotaFixtureTest.test_secure_hil_control_profile_enables_only_existing_test_credentials) ... ok
test_secure_motion_verifies_authenticated_hub_event_and_matching_node_ack (test_secure_signed_fota_fixture.SecureSignedFotaFixtureTest.test_secure_motion_verifies_authenticated_hub_event_and_matching_node_ack) ... ok
test_session_setup_restarts_node_after_hub_and_captures_fresh_rejoin_cursor (test_secure_signed_fota_fixture.SecureSignedFotaFixtureTest.test_session_setup_restarts_node_after_hub_and_captures_fresh_rejoin_cursor) ... ok
test_signed_hil_control_profile_selects_native_usb_console (test_secure_signed_fota_fixture.SecureSignedFotaFixtureTest.test_signed_hil_control_profile_selects_native_usb_console) ... ok
test_signing_preflight_uses_configured_idf_activation_not_parent_environment (test_secure_signed_fota_fixture.SecureSignedFotaFixtureTest.test_signing_preflight_uses_configured_idf_activation_not_parent_environment) ... ok

----------------------------------------------------------------------
Ran 16 tests in 0.078s

OK
Fixture tests mocked; no signing key accessed and no physical FOTA/rollback result.

Debug/artifact verification:
ELF debug/symtab sections nonallocated; none selected by esptool ELF parser.
Parsed both generated bin segment sets; image verification PASS; one exact embedded Node image each.
Generated flash_args use bootloader, partition-table, initial OTA data and application .bin, never ELF.
Reviewed finalized Node signing/verification/hash-preserving embedding/flashing/FOTA source path; no post-sign strip stage.
Comparison Hub/Node artifacts are not claimed signed commercial releases. Full Hub self-FOTA remains unqualified.
DEBUG_SYMBOL_STRIPPING_REQUIRED=NO; EXPECTED_BIN_SAVINGS_FROM_ELF_STRIPPING=0
Preserved unstripped matching bin/ELF/map/sdkconfig pairs: /home/udaybhan/projects/Ghar_sajag_r1_storage/code/ParivarSathi_v1.5.4_PWA_BatteryAnalytics_v3_4_2/build/optimization-comparison-574ba2a
Hashes and file sizes: companion JSON. Generated binaries/maps not committed.

Validation limits:
Known -Og movi/movi.n encoding assertion retained as FAIL; -Os PASS for same unchanged assertion.
Old-ELF regression skipped in both because original old ELF was not supplied.
Legacy journal migration failure previously deferred under GS-D001, not rerun; no full release-gate PASS claimed.
No new regression observed in scoped checks. Hardware runtime/latency/heap/stack/FOTA/rollback/BAT-C8 pending.
No additional optimization implemented; no storage workload matrix rerun.
