HOST ONLY; unchanged sensing/episode/runtime/rules; synthetic inputs; no target flash/RF/clock/battery
START_HEAD=dc4eb0c61419cdf0e0e64074638fc1f43289cfa1
CWD=/home/udaybhan/projects/Ghar_sajag_r1_storage/code/ParivarSathi_v1.5.4_PWA_BatteryAnalytics_v3_4_2
COMMAND=['g++', '-O2', '-std=c++17', '-Wall', '-Wextra', '-Werror', '-I.', '-Ishared/include', '-Ifirmware/node/components', 'host/storage/node_motion_audit.cpp', 'firmware/node/components/sensing/sensing.cpp', 'firmware/node/components/power/power.cpp', 'firmware/node/components/storage/node_store.cpp', 'firmware/node/components/radio/node_radio.cpp', 'firmware/node/runtime/node_runtime.cpp', 'shared/src/rules.cpp', 'shared/src/logging.cpp', '-o', '/tmp/gs-node-motion-audit']
EXIT=0
CWD=/home/udaybhan/projects/Ghar_sajag_r1_storage
COMMAND=['/tmp/gs-node-motion-audit', '/tmp/gs-node-motion-events.csv']
ACTUAL_COMPONENT_COUNTEREXAMPLES=PASS boot/debounce/retrigger; quiet/max/outage; sparse-pending gap; RAM recovery limit; retry identity; inactivity/window/night/door
REPLAY NORMAL qualified=2160 Motion=720 MotionSummary=360 source_motion_records=1080 ideal_recovery_saves=2160
REPLAY HIGH qualified=11520 Motion=2880 MotionSummary=2160 source_motion_records=5040 ideal_recovery_saves=10080
REPLAY STRESS qualified=69120 Motion=4938 MotionSummary=4938 source_motion_records=9876 ideal_recovery_saves=19752
REPLAY PAIRED46 qualified=67644 Motion=33810 MotionSummary=33810 source_motion_records=67620 ideal_recovery_saves=135240
REPLAY BUSY40 qualified=12960 Motion=1620 MotionSummary=1620 source_motion_records=3240 ideal_recovery_saves=6480
REPLAY BUSY80 qualified=6480 Motion=6480 MotionSummary=0 source_motion_records=6480 ideal_recovery_saves=12960
REPLAY BUSY120 qualified=4320 Motion=4320 MotionSummary=0 source_motion_records=4320 ideal_recovery_saves=8640
REPLAY_EXIT=0; HOST sizeof(ActivityEpisode)=152; physical RF/NVS/battery UNPROVEN
EXIT=0
CWD=/home/udaybhan/projects/Ghar_sajag_r1_storage
COMMAND=['python3', '/home/udaybhan/projects/Ghar_sajag_r1_storage/code/ParivarSathi_v1.5.4_PWA_BatteryAnalytics_v3_4_2/host/storage/node_motion_capacity.py', '--events', '/tmp/gs-node-motion-events.csv', '--cases', '/tmp/gs-node-motion-cases.json']
ACTUAL_REPLAY_CSV_SHA256=da6246e50efa7125f11d52f9ba8d202778f388068f0b8c0d11ee52210ca810ac
SOURCE_COUNTS {"scenario": "NORMAL", "qualified_observations": 2160, "motion": 720, "native_summaries": 360, "other_node_events": 72, "node_events": 1152, "local_hub_inputs": 24, "ideal_application_transmissions": 1152, "ideal_recovery_save_operations": 2304, "boundary": "synthetic qualified observations; successful immediate durable ACK; closure tail included"}
CAPACITY_MODELED {"scenario": "NORMAL", "profile": "ordinary", "option": "A_current_or_B_safe_fallback", "inputs": 1176, "exact": 1176, "native": 360, "summaries": 0, "represented_points": 0, "backend_representations": 1176, "payload_bytes": 121128, "peak_bytes": 315392, "fits_arithmetic": {"128": false, "192": false, "256": false}, "boundary": "worst103B source/1434B context; inherited reserve/COW model; not target/guarantee"}
CAPACITY_MODELED {"scenario": "NORMAL", "profile": "ordinary", "option": "C_Hub_loss_aware", "inputs": 1176, "exact": 462, "native": 360, "summaries": 442, "represented_points": 714, "backend_representations": 904, "payload_bytes": 69924, "peak_bytes": 249856, "fits_arithmetic": {"128": false, "192": false, "256": true}, "boundary": "worst103B source/1434B context; inherited reserve/COW model; not target/guarantee"}
CAPACITY_MODELED {"scenario": "NORMAL", "profile": "mixed", "option": "A_current_or_B_safe_fallback", "inputs": 1176, "exact": 1176, "native": 360, "summaries": 0, "represented_points": 0, "backend_representations": 1176, "payload_bytes": 121128, "peak_bytes": 315392, "fits_arithmetic": {"128": false, "192": false, "256": false}, "boundary": "worst103B source/1434B context; inherited reserve/COW model; not target/guarantee"}
CAPACITY_MODELED {"scenario": "NORMAL", "profile": "mixed", "option": "C_Hub_loss_aware", "inputs": 1176, "exact": 645, "native": 360, "summaries": 329, "represented_points": 531, "backend_representations": 974, "payload_bytes": 83058, "peak_bytes": 278528, "fits_arithmetic": {"128": false, "192": false, "256": false}, "boundary": "worst103B source/1434B context; inherited reserve/COW model; not target/guarantee"}
SOURCE_COUNTS {"scenario": "HIGH", "qualified_observations": 11520, "motion": 2880, "native_summaries": 2160, "other_node_events": 288, "node_events": 5328, "local_hub_inputs": 24, "ideal_application_transmissions": 5328, "ideal_recovery_save_operations": 10656, "boundary": "synthetic qualified observations; successful immediate durable ACK; closure tail included"}
CAPACITY_MODELED {"scenario": "HIGH", "profile": "ordinary", "option": "A_current_or_B_safe_fallback", "inputs": 5352, "exact": 5352, "native": 2160, "summaries": 0, "represented_points": 0, "backend_representations": 5352, "payload_bytes": 551256, "peak_bytes": 1028096, "fits_arithmetic": {"128": false, "192": false, "256": false}, "boundary": "worst103B source/1434B context; inherited reserve/COW model; not target/guarantee"}
CAPACITY_MODELED {"scenario": "HIGH", "profile": "ordinary", "option": "C_Hub_loss_aware", "inputs": 5352, "exact": 2478, "native": 2160, "summaries": 640, "represented_points": 2874, "backend_representations": 3118, "payload_bytes": 304140, "peak_bytes": 638976, "fits_arithmetic": {"128": false, "192": false, "256": false}, "boundary": "worst103B source/1434B context; inherited reserve/COW model; not target/guarantee"}
CAPACITY_MODELED {"scenario": "HIGH", "profile": "mixed", "option": "A_current_or_B_safe_fallback", "inputs": 5352, "exact": 5352, "native": 2160, "summaries": 0, "represented_points": 0, "backend_representations": 5352, "payload_bytes": 551256, "peak_bytes": 1028096, "fits_arithmetic": {"128": false, "192": false, "256": false}, "boundary": "worst103B source/1434B context; inherited reserve/COW model; not target/guarantee"}
CAPACITY_MODELED {"scenario": "HIGH", "profile": "mixed", "option": "C_Hub_loss_aware", "inputs": 5352, "exact": 3201, "native": 2160, "summaries": 482, "represented_points": 2151, "backend_representations": 3683, "payload_bytes": 366414, "peak_bytes": 745472, "fits_arithmetic": {"128": false, "192": false, "256": false}, "boundary": "worst103B source/1434B context; inherited reserve/COW model; not target/guarantee"}
SOURCE_COUNTS {"scenario": "STRESS", "qualified_observations": 69120, "motion": 4938, "native_summaries": 4938, "other_node_events": 576, "node_events": 10452, "local_hub_inputs": 24, "ideal_application_transmissions": 10452, "ideal_recovery_save_operations": 20904, "boundary": "synthetic qualified observations; successful immediate durable ACK; closure tail included"}
CAPACITY_MODELED {"scenario": "STRESS", "profile": "ordinary", "option": "A_current_or_B_safe_fallback", "inputs": 10476, "exact": 10476, "native": 4938, "summaries": 0, "represented_points": 0, "backend_representations": 10476, "payload_bytes": 1079028, "peak_bytes": 1900544, "fits_arithmetic": {"128": false, "192": false, "256": false}, "boundary": "worst103B source/1434B context; inherited reserve/COW model; not target/guarantee"}
CAPACITY_MODELED {"scenario": "STRESS", "profile": "ordinary", "option": "C_Hub_loss_aware", "inputs": 10476, "exact": 5544, "native": 4938, "summaries": 850, "represented_points": 4932, "backend_representations": 6394, "payload_bytes": 646020, "peak_bytes": 1204224, "fits_arithmetic": {"128": false, "192": false, "256": false}, "boundary": "worst103B source/1434B context; inherited reserve/COW model; not target/guarantee"}
CAPACITY_MODELED {"scenario": "STRESS", "profile": "mixed", "option": "A_current_or_B_safe_fallback", "inputs": 10476, "exact": 10476, "native": 4938, "summaries": 0, "represented_points": 0, "backend_representations": 10476, "payload_bytes": 1079028, "peak_bytes": 1900544, "fits_arithmetic": {"128": false, "192": false, "256": false}, "boundary": "worst103B source/1434B context; inherited reserve/COW model; not target/guarantee"}
CAPACITY_MODELED {"scenario": "STRESS", "profile": "mixed", "option": "C_Hub_loss_aware", "inputs": 10476, "exact": 6779, "native": 4938, "summaries": 636, "represented_points": 3697, "backend_representations": 7415, "payload_bytes": 754406, "peak_bytes": 1384448, "fits_arithmetic": {"128": false, "192": false, "256": false}, "boundary": "worst103B source/1434B context; inherited reserve/COW model; not target/guarantee"}
SOURCE_COUNTS {"scenario": "PAIRED46", "qualified_observations": 67644, "motion": 33810, "native_summaries": 33810, "other_node_events": 576, "node_events": 68196, "local_hub_inputs": 24, "ideal_application_transmissions": 68196, "ideal_recovery_save_operations": 136392, "boundary": "synthetic qualified observations; successful immediate durable ACK; closure tail included"}
CAPACITY_MODELED {"scenario": "PAIRED46", "profile": "ordinary", "option": "A_current_or_B_safe_fallback", "inputs": 68220, "exact": 68220, "native": 33810, "summaries": 0, "represented_points": 0, "backend_representations": 68220, "payload_bytes": 7026660, "peak_bytes": 11730944, "fits_arithmetic": {"128": false, "192": false, "256": false}, "boundary": "worst103B source/1434B context; inherited reserve/COW model; not target/guarantee"}
CAPACITY_MODELED {"scenario": "PAIRED46", "profile": "ordinary", "option": "C_Hub_loss_aware", "inputs": 68220, "exact": 34416, "native": 33810, "summaries": 3572, "represented_points": 33804, "backend_representations": 37988, "payload_bytes": 3977676, "peak_bytes": 6705152, "fits_arithmetic": {"128": false, "192": false, "256": false}, "boundary": "worst103B source/1434B context; inherited reserve/COW model; not target/guarantee"}
CAPACITY_MODELED {"scenario": "PAIRED46", "profile": "mixed", "option": "A_current_or_B_safe_fallback", "inputs": 68220, "exact": 68220, "native": 33810, "summaries": 0, "represented_points": 0, "backend_representations": 68220, "payload_bytes": 7026660, "peak_bytes": 11730944, "fits_arithmetic": {"128": false, "192": false, "256": false}, "boundary": "worst103B source/1434B context; inherited reserve/COW model; not target/guarantee"}
CAPACITY_MODELED {"scenario": "PAIRED46", "profile": "mixed", "option": "C_Hub_loss_aware", "inputs": 68220, "exact": 42861, "native": 33810, "summaries": 2681, "represented_points": 25359, "backend_representations": 45542, "payload_bytes": 4739430, "peak_bytes": 7966720, "fits_arithmetic": {"128": false, "192": false, "256": false}, "boundary": "worst103B source/1434B context; inherited reserve/COW model; not target/guarantee"}
SOURCE_COUNTS {"scenario": "BUSY40", "qualified_observations": 12960, "motion": 1620, "native_summaries": 1620, "other_node_events": 0, "node_events": 3240, "local_hub_inputs": 24, "ideal_application_transmissions": 3240, "ideal_recovery_save_operations": 6480, "boundary": "synthetic qualified observations; successful immediate durable ACK; closure tail included"}
CAPACITY_MODELED {"scenario": "BUSY40", "profile": "ordinary", "option": "A_current_or_B_safe_fallback", "inputs": 3264, "exact": 3264, "native": 1620, "summaries": 0, "represented_points": 0, "backend_representations": 3264, "payload_bytes": 336192, "peak_bytes": 667648, "fits_arithmetic": {"128": false, "192": false, "256": false}, "boundary": "worst103B source/1434B context; inherited reserve/COW model; not target/guarantee"}
CAPACITY_MODELED {"scenario": "BUSY40", "profile": "ordinary", "option": "C_Hub_loss_aware", "inputs": 3264, "exact": 1650, "native": 1620, "summaries": 278, "represented_points": 1614, "backend_representations": 1928, "payload_bytes": 194484, "peak_bytes": 458752, "fits_arithmetic": {"128": false, "192": false, "256": false}, "boundary": "worst103B source/1434B context; inherited reserve/COW model; not target/guarantee"}
CAPACITY_MODELED {"scenario": "BUSY40", "profile": "mixed", "option": "A_current_or_B_safe_fallback", "inputs": 3264, "exact": 3264, "native": 1620, "summaries": 0, "represented_points": 0, "backend_representations": 3264, "payload_bytes": 336192, "peak_bytes": 667648, "fits_arithmetic": {"128": false, "192": false, "256": false}, "boundary": "worst103B source/1434B context; inherited reserve/COW model; not target/guarantee"}
CAPACITY_MODELED {"scenario": "BUSY40", "profile": "mixed", "option": "C_Hub_loss_aware", "inputs": 3264, "exact": 1650, "native": 1620, "summaries": 278, "represented_points": 1614, "backend_representations": 1928, "payload_bytes": 194484, "peak_bytes": 458752, "fits_arithmetic": {"128": false, "192": false, "256": false}, "boundary": "worst103B source/1434B context; inherited reserve/COW model; not target/guarantee"}
SOURCE_COUNTS {"scenario": "BUSY80", "qualified_observations": 6480, "motion": 6480, "native_summaries": 0, "other_node_events": 0, "node_events": 6480, "local_hub_inputs": 24, "ideal_application_transmissions": 6480, "ideal_recovery_save_operations": 12960, "boundary": "synthetic qualified observations; successful immediate durable ACK; closure tail included"}
CAPACITY_MODELED {"scenario": "BUSY80", "profile": "ordinary", "option": "A_current_or_B_safe_fallback", "inputs": 6504, "exact": 6504, "native": 0, "summaries": 0, "represented_points": 0, "backend_representations": 6504, "payload_bytes": 669912, "peak_bytes": 1224704, "fits_arithmetic": {"128": false, "192": false, "256": false}, "boundary": "worst103B source/1434B context; inherited reserve/COW model; not target/guarantee"}
CAPACITY_MODELED {"scenario": "BUSY80", "profile": "ordinary", "option": "C_Hub_loss_aware", "inputs": 6504, "exact": 30, "native": 0, "summaries": 438, "represented_points": 6474, "backend_representations": 468, "payload_bytes": 77124, "peak_bytes": 270336, "fits_arithmetic": {"128": false, "192": false, "256": false}, "boundary": "worst103B source/1434B context; inherited reserve/COW model; not target/guarantee"}
CAPACITY_MODELED {"scenario": "BUSY80", "profile": "mixed", "option": "A_current_or_B_safe_fallback", "inputs": 6504, "exact": 6504, "native": 0, "summaries": 0, "represented_points": 0, "backend_representations": 6504, "payload_bytes": 669912, "peak_bytes": 1224704, "fits_arithmetic": {"128": false, "192": false, "256": false}, "boundary": "worst103B source/1434B context; inherited reserve/COW model; not target/guarantee"}
CAPACITY_MODELED {"scenario": "BUSY80", "profile": "mixed", "option": "C_Hub_loss_aware", "inputs": 6504, "exact": 30, "native": 0, "summaries": 438, "represented_points": 6474, "backend_representations": 468, "payload_bytes": 77124, "peak_bytes": 270336, "fits_arithmetic": {"128": false, "192": false, "256": false}, "boundary": "worst103B source/1434B context; inherited reserve/COW model; not target/guarantee"}
SOURCE_COUNTS {"scenario": "BUSY120", "qualified_observations": 4320, "motion": 4320, "native_summaries": 0, "other_node_events": 0, "node_events": 4320, "local_hub_inputs": 24, "ideal_application_transmissions": 4320, "ideal_recovery_save_operations": 8640, "boundary": "synthetic qualified observations; successful immediate durable ACK; closure tail included"}
CAPACITY_MODELED {"scenario": "BUSY120", "profile": "ordinary", "option": "A_current_or_B_safe_fallback", "inputs": 4344, "exact": 4344, "native": 0, "summaries": 0, "represented_points": 0, "backend_representations": 4344, "payload_bytes": 447432, "peak_bytes": 851968, "fits_arithmetic": {"128": false, "192": false, "256": false}, "boundary": "worst103B source/1434B context; inherited reserve/COW model; not target/guarantee"}
CAPACITY_MODELED {"scenario": "BUSY120", "profile": "ordinary", "option": "C_Hub_loss_aware", "inputs": 4344, "exact": 30, "native": 0, "summaries": 340, "represented_points": 4314, "backend_representations": 370, "payload_bytes": 54156, "peak_bytes": 225280, "fits_arithmetic": {"128": false, "192": false, "256": true}, "boundary": "worst103B source/1434B context; inherited reserve/COW model; not target/guarantee"}
CAPACITY_MODELED {"scenario": "BUSY120", "profile": "mixed", "option": "A_current_or_B_safe_fallback", "inputs": 4344, "exact": 4344, "native": 0, "summaries": 0, "represented_points": 0, "backend_representations": 4344, "payload_bytes": 447432, "peak_bytes": 851968, "fits_arithmetic": {"128": false, "192": false, "256": false}, "boundary": "worst103B source/1434B context; inherited reserve/COW model; not target/guarantee"}
CAPACITY_MODELED {"scenario": "BUSY120", "profile": "mixed", "option": "C_Hub_loss_aware", "inputs": 4344, "exact": 30, "native": 0, "summaries": 340, "represented_points": 4314, "backend_representations": 370, "payload_bytes": 54156, "peak_bytes": 225280, "fits_arithmetic": {"128": false, "192": false, "256": true}, "boundary": "worst103B source/1434B context; inherited reserve/COW model; not target/guarantee"}
B_REDUCED_COUNTS=UNDETERMINED; B_SAFE_FALLBACK=A; NO_QUIET_GAP_SELECTED
CAPACITY_MODEL_EXIT=0; PRODUCTION_INTEGRATION=NO
EXIT=0
SHA256 2218450d7579ff5853d51b775b786f351730066b5eed658797efe5599f684ed1 /home/udaybhan/projects/Ghar_sajag_r1_storage/code/ParivarSathi_v1.5.4_PWA_BatteryAnalytics_v3_4_2/host/storage/node_motion_audit.cpp
SHA256 778ed4f152667ae498ab509e5843168042b8c031dabc56a2bfdb791989c7f623 /home/udaybhan/projects/Ghar_sajag_r1_storage/code/ParivarSathi_v1.5.4_PWA_BatteryAnalytics_v3_4_2/host/storage/node_motion_capacity.py
SHA256 22dc4f6e0c7fd76dc251cb60031771d23ae1579249c20379bfd666917a5be258 /tmp/gs-node-motion-audit
SHA256 da6246e50efa7125f11d52f9ba8d202778f388068f0b8c0d11ee52210ca810ac /tmp/gs-node-motion-events.csv
SHA256 57463dfa70abe25331d1f959259a2b1a059e46b9488e981e901d734da09fd1a5 /tmp/gs-node-motion-cases.json
