DATE=2026-10-09
CONTEXT_PREFLIGHT=PASS
CONTEXT_VERSION=2026-10-09.001
START_HEAD=e5d13f615c5f1c10d01325460879425b32d8721a
START_STATUS=CLEAN
ESP_IDF=v6.0.3
ESPTOOL=v5.4.0
S3_PORT=/dev/ttyACM0
S3_STABLE_PORT=/dev/serial/by-id/usb-1a86_USB_Single_Serial_5C83119376-if00
S3_CHIP=ESP32-S3_QFN56_REV0.2
S3_MAC=e0:72:a1:d3:8d:34
S3_FLASH_BYTES=16777216
S3_FLASH_ID=68:4018
C3_PORT=/dev/ttyACM1
C3_STABLE_PORT=/dev/serial/by-id/usb-Espressif_USB_JTAG_serial_debug_unit_14:63:93:C5:D1:58-if00
C3_CHIP=ESP32-C3_QFN32_REV0.4
C3_MAC=14:63:93:c5:d1:58
C3_FLASH_BYTES=4194304
C3_FLASH_ID=46:4016
C3_SECURE_BOOT=DISABLED_AS_FOUND
C3_FLASH_ENCRYPTION=DISABLED_AS_FOUND
C3_BACKUP_BYTES=4194304
C3_BACKUP_SHA256=311fef4b5dfbebf843a5fe98efefbc23b7758749843717ef8472f009fdef78c7
C3_BACKUP_DEVICE_VERIFY=PASS_DIGEST_MATCH
C3_ASSOCIATION=PAIRED_AUTHENTICATED_GENERATION3
C3_ASSOCIATED_HUB=hub-5c013bbeb9f8
C3_LOGICAL_SOURCE=hil-signed-fota
C3_RECOVERY=AUTHENTICATED_V3_GENERATION196
C3_PRIOR_BOOT_SESSION=1530
C3_PENDING_COUNT=7
C3_RETAINED_COUNT=7
C3_PENDING_KEYS=hil-signed-fota:1530:12..18
C3_PENDING_KINDS=7_MOTION
C3_RETIREMENT_EPOCH=1
C3_DURABLE_ADMISSION_HIGHWATER=18
C3_REPORT_GENERATION=196
C3_BEFORE_AFTER_ASSOCIATION_RECOVERY_KEYS=BYTE_IDENTICAL
C3_BOOT_SESSION_BEFORE=1540
C3_BOOT_SESSION_AFTER_CAPTURE=1541
C3_RESTART_EXISTING_APP=PASS
C3_APP=gs_hw_m1_node
C3_APP_VERSION=cfec7d2-node-usb-stable-qualifi
C3_ACTIVE_SLOT=ota_0_AT_0x20000
C3_EMPTY_AEAD_HARDWARE_AES=PASS_13_CHECKS
C3_WIFI_STA_INIT=OBSERVED
C3_ESPNOW_INIT=OBSERVED_VERSION2.0
C3_GET_STATE=retained=0 in_flight=0 sensing_live=0 runtime_live=0
C3_GET_STATE_INTERPRETATION=WAITING_AUTHENTICATION_RAM_NOT_PERSISTENT_QUEUE_EVIDENCE
S3_ORIGINAL_NVS_VERIFY=PASS_DIGEST_MATCH_0x9000_LENGTH_0x6000
S3_ORIGINAL_VFS_VERIFY=PASS_DIGEST_MATCH_0x200000_LENGTH_0x600000
PRODUCT_FLASH_COMMANDS=NONE
ERASE_COMMANDS=NONE
COMMISSIONING_COMMANDS=NONE
OWNERSHIP_RESET_COMMANDS=NONE
EVENT_INJECTION_COMMANDS=NONE
ACKS_ISSUED_BY_TEST=NONE
HOST_TARGETS=commissioning-crypto-host-test association-host-test rejoin-host-test node-recovery-persistence-host-test
HOST_EXIT=0
P2-COM-CRYPTO HOST PASS unique keys/signatures/ECDH/HKDF/AEAD/tamper
P2-COM-HANDSHAKE HOST PASS exact identity/Home/Hub/window/replay
P2-COM-WIRE HOST PASS fragmented offer/bounded packet/timeout/tamper
P2-RUNTIME-AEAD HOST PASS uplink/ACK/tamper/replay/boundary
P2-PERSIST-ASSOC HOST PASS reboot/write-failure/reset/corruption
P2-REJOIN-HOST PASS mutual proof/session/Home/replay
P2-PERSIST-NODE-RECOVERY HOST PASS encrypted bounded recovery
FIRST_PAIR_RESULT=BLOCKED_EXISTING_NODE_OWNERSHIP_AND_PENDING_EVIDENCE
PHYSICAL_PAIR_AUTH_EVENT_ACK_DEDUPE=NOT_RUN
PRODUCTION_COMPACT_STORAGE_INTEGRATED=NO
FOTA_QUALIFIED=NO
BAT_C8_CHANGED=NO
PUSHED=NO
