ESP-ROM:esp32s3-20210327
Build:Mar 27 2021
rst:0x1 (POWERON),boot:0x8 (SPI_FAST_FLASH_BOOT)
SPIWP:0xee
mode:DIO, clock div:2
load:0x3fce2820,len:0x1534
load:0x403c8700,len:0xda0
load:0x403cb700,len:0x2fdc
entry 0x403c8908
I (30) boot: ESP-IDF v6.0.3 2nd stage bootloader
I (30) boot: compile time Oct  9 2026 05:09:15
I (30) boot: Multicore bootloader
I (30) boot: chip revision: v0.2
I (33) boot: efuse block revision: v1.4
I (36) boot.esp32s3: Boot SPI Speed : 40MHz
I (40) boot.esp32s3: SPI Mode       : DIO
I (44) boot.esp32s3: SPI Flash Size : 16MB
I (48) boot: Enabling RNG early entropy source...
I (52) boot: Partition Table:
I (55) boot: ## Label            Usage          Type ST Offset   Length
I (61) boot:  0 nvs              WiFi data        01 02 00009000 00006000
I (68) boot:  1 otadata          OTA data         01 00 0000f000 00002000
I (74) boot:  2 phy_init         RF data          01 01 00011000 00001000
I (81) boot:  3 ota_0            OTA app          00 10 00020000 00400000
I (87) boot:  4 ota_1            OTA app          00 11 00420000 00400000
I (94) boot:  5 gs_journal       WiFi data        01 02 00820000 00200000
I (100) boot: End of partition table
I (104) boot: No factory image, trying OTA 0
I (108) esp_image: segment 0: paddr=00020020 vaddr=3c080020 size=17634h ( 95796) map
I (139) esp_image: segment 1: paddr=0003765c vaddr=3fc96300 size=05104h ( 20740) load
I (145) esp_image: segment 2: paddr=0003c768 vaddr=40374000 size=038b0h ( 14512) load
I (150) esp_image: segment 3: paddr=00040020 vaddr=42000020 size=74d8ch (478604) map
I (269) esp_image: segment 4: paddr=000b4db4 vaddr=403778b0 size=0ea3ch ( 59964) load
I (287) esp_image: segment 5: paddr=000c37f8 vaddr=50000000 size=00024h (    36) load
I (295) boot: Loaded app from partition at offset 0x20000
I (296) boot: Set actual ota_seq=1 in otadata[0]
I (296) boot: Disabling RNG early entropy source...
I (310) octal_psram: vendor id    : 0x0d (AP)
I (310) octal_psram: dev id       : 0x02 (generation 3)
I (311) octal_psram: density      : 0x03 (64 Mbit)
I (313) octal_psram: good-die     : 0x01 (Pass)
I (317) octal_psram: Latency      : 0x01 (Fixed)
I (321) octal_psram: VCC          : 0x01 (3V)
I (325) octal_psram: SRF          : 0x01 (Fast Refresh)
I (330) octal_psram: BurstType    : 0x01 (Hybrid Wrap)
I (335) octal_psram: BurstLen     : 0x01 (32 Byte)
I (340) octal_psram: Readlatency  : 0x02 (10 cycles@Fixed)
I (345) octal_psram: DriveStrength: 0x00 (1/1)
I (349) esp_psram: Found 8MB PSRAM device
I (353) esp_psram: Speed: 40MHz
I (356) cpu_start: Multicore app
I (1090) esp_psram: SPI SRAM memory test OK
I (1098) cpu_start: GPIO 44 and 43 are used as console UART I/O pins
I (1099) cpu_start: Pro cpu start user code
I (1099) cpu_start: cpu freq: 160000000 Hz
I (1100) app_init: Application information:
I (1104) app_init: Project name:     gs_r1_s3_hub
I (1109) app_init: App version:      1272d13
I (1113) app_init: Compile time:     Oct  9 2026 05:08:46
I (1118) app_init: ELF file SHA256:  45bc5c4bb...
I (1122) app_init: ESP-IDF:          v6.0.3
I (1126) efuse_init: Min chip rev:     v0.0
I (1130) efuse_init: Max chip rev:     v0.99
I (1134) efuse_init: Chip rev:         v0.2
I (1138) heap_init: Initializing. RAM available for dynamic allocation:
I (1145) heap_init: At 3FC9F300 len 0004A410 (297 KiB): RAM
I (1150) heap_init: At 3FCE9710 len 00005724 (21 KiB): RAM
I (1155) heap_init: At 3FCF0000 len 00008000 (32 KiB): DRAM
I (1160) heap_init: At 600FE000 len 00001FE8 (7 KiB): RTCRAM
I (1166) esp_psram: Adding pool of 8192K of PSRAM memory to heap allocator
I (1173) spi_flash: detected chip: boya
I (1176) spi_flash: flash io: dio
I (1180) sleep_gpio: Configure to isolate all GPIO pins in sleep state
I (1185) sleep_gpio: Enable automatic switching of GPIO sleep configuration
I (1193) main_task: Started on CPU0
I (1213) main_task: Calling app_main()
I (1213) gs_s3_diag: IDENTITY chip=ESP32-S3 revision=2 flash=16777216 psram=8388608
I (1213) gs_s3_diag: MEMORY stage=boot internal_free=346668 internal_min=346668 internal_largest=278528 psram_size=8388608 psram_free=8386156
I (1233) gs_s3_diag: PSRAM_SCRATCH=PASS bytes=65536 startup_memtest=enabled
I (1233) pp: pp rom version: e7ae62f
I (1243) net80211: net80211 rom version: e7ae62f
I (1253) wifi:wifi driver task: 3fcee014, prio:23, stack:6656, core=0
I (1253) wifi:wifi firmware version: da143fa
I (1253) wifi:wifi certification version: v7.0
I (1253) wifi:config NVS flash: disabled
I (1263) wifi:config nano formatting: disabled
I (1263) wifi:Init data frame dynamic rx buffer num: 32
I (1273) wifi:Init static rx mgmt buffer num: 5
I (1273) wifi:Init management short buffer num: 32
I (1283) wifi:Init dynamic tx buffer num: 32
I (1283) wifi:Init static tx FG buffer num: 2
I (1283) wifi:Init static rx buffer size: 1600
I (1293) wifi:Init static rx buffer num: 10
I (1293) wifi:Init dynamic rx buffer num: 32
I (1303) wifi_init: rx ba win: 6
I (1303) wifi_init: accept mbox: 6
I (1303) wifi_init: tcpip mbox: 32
I (1313) wifi_init: udp mbox: 6
I (1313) wifi_init: tcp mbox: 6
I (1313) wifi_init: tcp tx win: 5760
I (1313) wifi_init: tcp rx win: 5760
I (1323) wifi_init: tcp mss: 1440
I (1323) wifi_init: WiFi IRAM OP enabled
I (1323) wifi_init: WiFi RX IRAM OP enabled
I (1333) phy_init: phy_version 712,87e8c20e,Apr 13 2026,18:51:10
I (1373) wifi:mode : sta (e0:72:a1:d3:8d:34)
I (1373) wifi:enable tsf
I (1373) gs_s3_diag: WIFI_INIT=PASS mode=STA no_association no_persistent_configuration
I (1373) ESPNOW: espnow [version: 2.0] init
I (1383) gs_s3_diag: ESPNOW_INIT=PASS no_peers no_application_transmissions
I (1383) gs_s3_diag: MEMORY stage=radio_ready internal_free=300144 internal_min=300052 internal_largest=258048 psram_size=8388608 psram_free=8386128
I (11403) gs_s3_diag: ALIVE cycle=1 main_stack_min=2368
I (11403) gs_s3_diag: MEMORY stage=alive internal_free=300144 internal_min=299960 internal_largest=258048 psram_size=8388608 psram_free=8386128
I (21403) gs_s3_diag: ALIVE cycle=2 main_stack_min=2368
I (21403) gs_s3_diag: MEMORY stage=alive internal_free=300144 internal_min=299960 internal_largest=258048 psram_size=8388608 psram_free=8386128
I (31403) gs_s3_diag: ALIVE cycle=3 main_stack_min=2368
I (31403) gs_s3_diag: MEMORY stage=alive internal_free=300144 internal_min=299960 internal_largest=258048 psram_size=8388608 psram_free=8386128
I (41403) gs_s3_diag: ALIVE cycle=4 main_stack_min=2368
I (41403) gs_s3_diag: MEMORY stage=alive internal_free=300144 internal_min=299960 internal_largest=258048 psram_size=8388608 psram_free=8386128
I (51403) gs_s3_diag: ALIVE cycle=5 main_stack_min=2368
I (51403) gs_s3_diag: MEMORY stage=alive internal_free=300144 internal_min=299960 internal_largest=258048 psram_size=8388608 psram_free=8386128
I (61403) gs_s3_diag: ALIVE cycle=6 main_stack_min=2368
I (61403) gs_s3_diag: MEMORY stage=alive internal_free=300144 internal_min=299960 internal_largest=258048 psram_size=8388608 psram_free=8386128
I (61403) gs_s3_diag: DIAGNOSTIC_COMPLETE=PASS physical_R1_qualification=PENDING
I (61413) main_task: Returned from app_main()
