




ets Jul 29 2019 12:21:46

rst:ets Jul 29 2019 12:21:46

rst:ets Jul 29 2019 12:21:46

rst:ets Jul 29 2019 12:21:46

rst:0x1 (POWERON_RESET),boot:0x13 (S0x1 (POWERON_RESET),boot:0x13 (S0x1 (POWERON_RESET),boot:0x13 (S0x1 (POWERON_RESET),boot:0x13 (SPI_FAST_FLASH_BOOT)
configsip: 0, SPIWP:0xee
clk_drv:0x00,q_drv:0x00,d_drv:0x00,cs0_drv:0x00,hd_drv:0x00,wp_drv:0x00
mode:DIO, clock div:2
load:0x3fff0040,len:6340
load:0x40078000,len:15956
load:0x40080400,len:3920
entry 0x40080644
I (27) boot: ESP-IDF v6.0.3 2nd stage bootloader
I (27) boot: compile time Oct  5 2026 12:05:27
I (28) boot: Multicore bootloader
I (29) boot: chip revision: v3.1
I (32) boot.esp32: SPI Speed      : 40MHz
I (35) boot.esp32: SPI Mode       : DIO
I (39) boot.esp32: SPI Flash Size : 4MB
I (42) boot: Enabling RNG early entropy source...
I (47) boot: Partition Table:
I (49) boot: ## Label            Usage          Type ST Offset   Length
I (56) boot:  0 nvs              WiFi data        01 02 00009000 00006000
I (62) boot:  1 otadata          OTA data         01 00 0000f000 00002000
I (69) boot:  2 phy_init         RF data          01 01 00011000 00001000
I (75) boot:  3 ota_0            OTA app          00 10 00020000 001e0000
I (82) boot:  4 ota_1            OTA app          00 11 00200000 001e0000
I (88) boot:  5 gs_journal       WiFi data        01 02 003e0000 00020000
I (95) boot: End of partition table
I (98) esp_image: segment 0: paddr=00020020 vaddr=3f400020 size=10173ch (1054524) map
I (485) esp_image: segment 1: paddr=00121764 vaddr=3ffb0000 size=043d0h ( 17360) load
I (492) esp_image: segment 2: paddr=00125b3c vaddr=40080000 size=0a4dch ( 42204) load
I (510) esp_image: segment 3: paddr=00130020 vaddr=400d0020 size=c5764h (808804) map
I (801) esp_image: segment 4: paddr=001f578c vaddr=4008a4dc size=09744h ( 38724) load
I (817) esp_image: segment 5: paddr=001feed8 vaddr=50000000 size=00028h (    40) load
I (827) boot: Loaded app from partition at offset 0x20000
I (827) boot: Disabling RNG early entropy source...
I (838) cpu_start: Multicore app
I (846) cpu_start: GPIO 3 and 1 are used as console UART I/O pins
I (846) cpu_start: Pro cpu start user code
I (846) cpu_start: cpu freq: 160000000 Hz
I (848) app_init: Application information:
I (852) app_init: Project name:     gs_hw_m1_hub
I (856) app_init: App version:      cfec7d2-recovery-yield
I (861) app_init: Compile time:     Oct  6 2026 08:01:04
I (866) app_init: ELF file SHA256:  daddc790c...
I (871) app_init: ESP-IDF:          v6.0.3
I (875) efuse_init: Min chip rev:     v0.0
I (878) efuse_init: Max chip rev:     v3.99 
I (882) efuse_init: Chip rev:         v3.1
I (887) heap_init: Initializing. RAM available for dynamic allocation:
I (893) heap_init: At 3FFAE6E0 len 00001920 (6 KiB): DRAM
I (898) heap_init: At 3FFBC308 len 00023CF8 (143 KiB): DRAM
I (903) heap_init: At 3FFE0440 len 00003AE0 (14 KiB): D/IRAM
I (908) heap_init: At 3FFE4350 len 0001BCB0 (111 KiB): D/IRAM
I (914) heap_init: At 40093C20 len 0000C3E0 (48 KiB): IRAM
I (920) spi_flash: detected chip: generic
I (923) spi_flash: flash io: dio
I (928) main_task: Started on CPU0
I (928) main_task: Calling app_main()
I (928) gs_hub_product: Starting HW-M1.3 ESP32 Hub product composition
I (978) wifi:wifi driver task: 3ffc3c2c, prio:23, stack:6656, core=0
I (988) wifi:wifi firmware version: da143fa
I (988) wifi:wifi certification version: v7.0
I (988) wifi:config NVS flash: enabled
I (988) wifi:config nano formatting: disabled
I (998) wifi:Init data frame dynamic rx buffer num: 32
I (998) wifi:Init static rx mgmt buffer num: 5
I (998) wifi:Init management short buffer num: 32
I (1008) wifi:Init dynamic tx buffer num: 32
I (1008) wifi:Init static rx buffer size: 1600
I (1018) wifi:Init static rx buffer num: 10
I (1018) wifi:Init dynamic rx buffer num: 32
I (1028) wifi_init: rx ba win: 6
I (1028) wifi_init: accept mbox: 6
I (1028) wifi_init: tcpip mbox: 32
I (1028) wifi_init: udp mbox: 6
I (1038) wifi_init: tcp mbox: 6
I (1038) wifi_init: tcp tx win: 5760
I (1038) wifi_init: tcp rx win: 5760
I (1048) wifi_init: tcp mss: 1440
I (1048) wifi_init: WiFi IRAM OP enabled
I (1048) wifi_init: WiFi RX IRAM OP enabled
I (1058) phy_init: phy_version 4863,a3a4459,Oct 28 2025,14:30:06
I (1138) wifi:mode : sta (5c:01:3b:be:b9:f8)
I (1148) wifi:enable tsf
I (1148) wifi:Set ps type: 0, coexist: 0

I (1148) ESPNOW: espnow [version: 2.0] init
I (1958) gs_hub_runtime: HIL_DURABILITY owner=Ready epoch=1 generation=156 native=1 migration=NONE
I (1958) gs_hil_control: HIL_READY role=hub protocol=1 version=cfec7d2-recovery-yield
I (1968) main_task: Returned from app_main()
I (58248) gs_hub_runtime: HIL_JOURNAL_RECOVERED records=77
I (58248) gs_hub_runtime: Authenticated Hub owner started enrolled=1 storage_epoch=1
I (58248) gs_hub_runtime: HIL_STACK role=hub task=owner stage=startup minimum_free_bytes=42596
I (58548) gs_hil_control: HIL_OK command=REBOOT_AFTER_NEXT_DURABLE_COMMIT
I (72608) gs_hub_runtime: Authenticated rejoin device=c3-146393c5d158 logical=hil-signed-fota session=1531
I (73298) gs_hub_runtime: Node liveness logical=hil-signed-fota online=1 session=1531
I (74418) gs_hub_runtime: HIL_EVENT_RESULT event_id=p15:c3-146393c5d158n15:hil-signed-fotas1530q1 ack=0 state_changed=1 records=78
I (74418) gs_hub_runtime: HIL_LOST_ACK_REBOOT event_id=p15:c3-146393c5d158n15:hil-signed-fotas1530q1 durable=YES ack_sent=NO records=78
ets Jul 29 2019 12:21:46

rst:0xc (SW_CPU_RESET),boot:0x13 (SPI_FAST_FLASH_BOOT)
configsip: 0, SPIWP:0xee
clk_drv:0x00,q_drv:0x00,d_drv:0x00,cs0_drv:0x00,hd_drv:0x00,wp_drv:0x00
mode:DIO, clock div:2
load:0x3fff0040,len:6340
load:0x40078000,len:15956
load:0x40080400,len:3920
entry 0x40080644
I (27) boot: ESP-IDF v6.0.3 2nd stage bootloader
I (27) boot: compile time Oct  5 2026 12:05:27
I (27) boot: Multicore bootloader
I (29) boot: chip revision: v3.1
I (31) boot.esp32: SPI Speed      : 40MHz
I (35) boot.esp32: SPI Mode       : DIO
I (39) boot.esp32: SPI Flash Size : 4MB
I (42) boot: Enabling RNG early entropy source...
I (47) boot: Partition Table:
I (49) boot: ## Label            Usage          Type ST Offset   Length
I (56) boot:  0 nvs              WiFi data        01 02 00009000 00006000
I (62) boot:  1 otadata          OTA data         01 00 0000f000 00002000
I (69) boot:  2 phy_init         RF data          01 01 00011000 00001000
I (75) boot:  3 ota_0            OTA app          00 10 00020000 001e0000
I (82) boot:  4 ota_1            OTA app          00 11 00200000 001e0000
I (88) boot:  5 gs_journal       WiFi data        01 02 003e0000 00020000
I (95) boot: End of partition table
I (98) esp_image: segment 0: paddr=00020020 vaddr=3f400020 size=10173ch (1054524) map
I (485) esp_image: segment 1: paddr=00121764 vaddr=3ffb0000 size=043d0h ( 17360) load
I (492) esp_image: segment 2: paddr=00125b3c vaddr=40080000 size=0a4dch ( 42204) load
I (510) esp_image: segment 3: paddr=00130020 vaddr=400d0020 size=c5764h (808804) map
I (800) esp_image: segment 4: paddr=001f578c vaddr=4008a4dc size=09744h ( 38724) load
I (817) esp_image: segment 5: paddr=001feed8 vaddr=50000000 size=00028h (    40) load
I (827) boot: Loaded app from partition at offset 0x20000
I (827) boot: Disabling RNG early entropy source...
I (838) cpu_start: Multicore app
I (846) cpu_start: GPIO 3 and 1 are used as console UART I/O pins
I (846) cpu_start: Pro cpu start user code
I (846) cpu_start: cpu freq: 160000000 Hz
I (848) app_init: Application information:
I (852) app_init: Project name:     gs_hw_m1_hub
I (856) app_init: App version:      cfec7d2-recovery-yield
I (861) app_init: Compile time:     Oct  6 2026 08:01:04
I (866) app_init: ELF file SHA256:  daddc790c...
I (871) app_init: ESP-IDF:          v6.0.3
I (875) efuse_init: Min chip rev:     v0.0
I (878) efuse_init: Max chip rev:     v3.99 
I (882) efuse_init: Chip rev:         v3.1
I (886) heap_init: Initializing. RAM available for dynamic allocation:
I (893) heap_init: At 3FFAE6E0 len 00001920 (6 KiB): DRAM
I (898) heap_init: At 3FFBC308 len 00023CF8 (143 KiB): DRAM
I (903) heap_init: At 3FFE0440 len 00003AE0 (14 KiB): D/IRAM
I (908) heap_init: At 3FFE4350 len 0001BCB0 (111 KiB): D/IRAM
I (914) heap_init: At 40093C20 len 0000C3E0 (48 KiB): IRAM
I (920) spi_flash: detected chip: generic
I (923) spi_flash: flash io: dio
I (928) main_task: Started on CPU0
I (928) main_task: Calling app_main()
I (928) gs_hub_product: Starting HW-M1.3 ESP32 Hub product composition
I (978) wifi:wifi driver task: 3ffc3c2c, prio:23, stack:6656, core=0
I (988) wifi:wifi firmware version: da143fa
I (988) wifi:wifi certification version: v7.0
I (988) wifi:config NVS flash: enabled
I (988) wifi:config nano formatting: disabled
I (998) wifi:Init data frame dynamic rx buffer num: 32
I (998) wifi:Init static rx mgmt buffer num: 5
I (998) wifi:Init management short buffer num: 32
I (1008) wifi:Init dynamic tx buffer num: 32
I (1008) wifi:Init static rx buffer size: 1600
I (1018) wifi:Init static rx buffer num: 10
I (1018) wifi:Init dynamic rx buffer num: 32
I (1028) wifi_init: rx ba win: 6
I (1028) wifi_init: accept mbox: 6
I (1028) wifi_init: tcpip mbox: 32
I (1028) wifi_init: udp mbox: 6
I (1038) wifi_init: tcp mbox: 6
I (1038) wifi_init: tcp tx win: 5760
I (1038) wifi_init: tcp rx win: 5760
I (1048) wifi_init: tcp mss: 1440
I (1048) wifi_init: WiFi IRAM OP enabled
I (1048) wifi_init: WiFi RX IRAM OP enabled
I (1058) phy_init: phy_version 4863,a3a4459,Oct 28 2025,14:30:06
I (1148) wifi:mode : sta (5c:01:3b:be:b9:f8)
I (1148) wifi:enable tsf
I (1148) wifi:Set ps type: 0, coexist: 0

I (1148) ESPNOW: espnow [version: 2.0] init
I (1958) gs_hub_runtime: HIL_DURABILITY owner=Ready epoch=1 generation=157 native=1 migration=NONE
I (1968) gs_hil_control: HIL_READY role=hub protocol=1 version=cfec7d2-recovery-yield
I (1968) main_task: Returned from app_main()
I (58298) gs_hub_runtime: HIL_JOURNAL_RECOVERED records=78
I (58298) gs_hub_runtime: Authenticated Hub owner started enrolled=1 storage_epoch=1
I (58298) gs_hub_runtime: HIL_STACK role=hub task=owner stage=startup minimum_free_bytes=42660
I (81318) gs_hub_runtime: Authenticated rejoin device=c3-146393c5d158 logical=hil-signed-fota session=1532
I (81358) gs_hub_runtime: Node liveness logical=hil-signed-fota online=1 session=1532
I (83138) gs_hub_runtime: HIL_EVENT_RESULT event_id=p15:c3-146393c5d158n15:hil-signed-fotas1530q2 ack=0 state_changed=1 records=79
I (83138) gs_hub_runtime: Authenticated event logical=hil-signed-fota session=1530 seq=2 sensor=PIR event=MOTION event_id=p15:c3-146393c5d158n15:hil-signed-fotas1530q2 room=test ack=0 send=ESP_OK
I (83718) gs_hub_runtime: HIL_EVENT_RESULT event_id=p15:c3-146393c5d158n15:hil-signed-fotas1530q1 ack=0 state_changed=0 records=79
I (83718) gs_hub_runtime: Authenticated event logical=hil-signed-fota session=1530 seq=1 sensor=PIR event=MOTION event_id=p15:c3-146393c5d158n15:hil-signed-fotas1530q1 room=test ack=0 send=ESP_OK
